[    0.000000] Initializing cgroup subsys cpuset
[    0.000000] Initializing cgroup subsys cpu
[    0.000000] Initializing cgroup subsys cpuacct
[    0.000000] Linux version 4.4.0-78-generic (buildd@lgw01-11) (gcc version 5.4.0 20160609 (Ubuntu 5.4.0-6ubuntu1~16.04.4) ) #99-Ubuntu SMP Thu Apr 27 15:29:09 UTC 2017 (Ubuntu 4.4.0-78.99-generic 4.4.62)
[    0.000000] Command line: BOOT_IMAGE=/boot/vmlinuz-4.4.0-78-generic root=LABEL=cloudimg-rootfs ro console=tty1 console=ttyS0
[    0.000000] KERNEL supported cpus:
[    0.000000]   Intel GenuineIntel
[    0.000000]   AMD AuthenticAMD
[    0.000000]   Centaur CentaurHauls
[    0.000000] ------------[ cut here ]------------
[    0.000000] WARNING: CPU: 0 PID: 0 at /build/linux-0XAgc4/linux-4.4.0/arch/x86/kernel/fpu/xstate.c:517 fpu__init_system_xstate+0x38b/0x75a()
[    0.000000] XSAVE consistency problem, dumping leaves
[    0.000000] Modules linked in:
[    0.000000] CPU: 0 PID: 0 Comm: swapper Not tainted 4.4.0-78-generic #99-Ubuntu
[    0.000000]  0000000000000086 a7f84d2ab8ff9ba9 ffffffff81e03d80 ffffffff813f8dd3
[    0.000000]  ffffffff81e03dc8 ffffffff81ca9c50 ffffffff81e03db8 ffffffff81081302
[    0.000000]  ffffffff81e03e48 ffffffff81e03e4c 0000000000000008 0000000000000100
[    0.000000] Call Trace:
[    0.000000]  [<ffffffff813f8dd3>] dump_stack+0x63/0x90
[    0.000000]  [<ffffffff81081302>] warn_slowpath_common+0x82/0xc0
[    0.000000]  [<ffffffff8108139c>] warn_slowpath_fmt+0x5c/0x80
[    0.000000]  [<ffffffff8107cfd0>] ? xfeature_size+0x59/0x77
[    0.000000]  [<ffffffff81f6d218>] fpu__init_system_xstate+0x38b/0x75a
[    0.000000]  [<ffffffff81f5d120>] ? early_idt_handler_array+0x120/0x120
[    0.000000]  [<ffffffff81f6cb83>] fpu__init_system+0x10d/0x245
[    0.000000]  [<ffffffff81f6dc8c>] early_cpu_init+0x139/0x13e
[    0.000000]  [<ffffffff81f6dc8c>] ? early_cpu_init+0x139/0x13e
[    0.000000]  [<ffffffff81f69193>] setup_arch+0xb4/0xcf1
[    0.000000]  [<ffffffff81f5d120>] ? early_idt_handler_array+0x120/0x120
[    0.000000]  [<ffffffff81f5dc74>] start_kernel+0xe4/0x4a2
[    0.000000]  [<ffffffff81f5d120>] ? early_idt_handler_array+0x120/0x120
[    0.000000]  [<ffffffff81f5d339>] x86_64_start_reservations+0x2a/0x2c
[    0.000000]  [<ffffffff81f5d485>] x86_64_start_kernel+0x14a/0x16d
[    0.000000] ---[ end trace 4d5ff9f2f68c4233 ]---
[    0.000000] CPUID[0d, 00]: eax=00000007 ebx=00000440 ecx=00000440 edx=00000000
[    0.000000] CPUID[0d, 01]: eax=00000000 ebx=000003c0 ecx=00000000 edx=00000000
[    0.000000] CPUID[0d, 02]: eax=00000100 ebx=00000240 ecx=00000000 edx=00000000
[    0.000000] CPUID[0d, 03]: eax=00000000 ebx=00000000 ecx=00000000 edx=00000000
[    0.000000] CPUID[0d, 04]: eax=00000000 ebx=00000000 ecx=00000000 edx=00000000
[    0.000000] CPUID[0d, 05]: eax=00000000 ebx=00000000 ecx=00000000 edx=00000000
[    0.000000] CPUID[0d, 06]: eax=00000000 ebx=00000000 ecx=00000000 edx=00000000
[    0.000000] CPUID[0d, 07]: eax=00000000 ebx=00000000 ecx=00000000 edx=00000000
[    0.000000] CPUID[0d, 08]: eax=00000000 ebx=00000000 ecx=00000000 edx=00000000
[    0.000000] CPUID[0d, 09]: eax=00000000 ebx=00000000 ecx=00000000 edx=00000000
[    0.000000] CPUID[0d, 0a]: eax=00000000 ebx=00000000 ecx=00000000 edx=00000000
[    0.000000] CPUID[0d, 0b]: eax=00000000 ebx=00000000 ecx=00000000 edx=00000000
[    0.000000] CPUID[0d, 0c]: eax=00000000 ebx=00000000 ecx=00000000 edx=00000000
[    0.000000] CPUID[0d, 0d]: eax=00000000 ebx=00000000 ecx=00000000 edx=00000000
[    0.000000] CPUID[0d, 0e]: eax=00000000 ebx=00000000 ecx=00000000 edx=00000000
[    0.000000] CPUID[0d, 0f]: eax=00000000 ebx=00000000 ecx=00000000 edx=00000000
[    0.000000] CPUID[0d, 10]: eax=00000000 ebx=00000000 ecx=00000000 edx=00000000
[    0.000000] CPUID[0d, 11]: eax=00000000 ebx=00000000 ecx=00000000 edx=00000000
[    0.000000] x86/fpu: xstate_offset[2]:  576, xstate_sizes[2]:  256
[    0.000000] x86/fpu: Supporting XSAVE feature 0x01: 'x87 floating point registers'
[    0.000000] x86/fpu: Supporting XSAVE feature 0x02: 'SSE registers'
[    0.000000] x86/fpu: Supporting XSAVE feature 0x04: 'AVX registers'
[    0.000000] x86/fpu: Enabled xstate features 0x7, context size is 1088 bytes, using 'standard' format.
[    0.000000] x86/fpu: Using 'lazy' FPU context switches.
[    0.000000] e820: BIOS-provided physical RAM map:
[    0.000000] BIOS-e820: [mem 0x0000000000000000-0x000000000009fbff] usable
[    0.000000] BIOS-e820: [mem 0x000000000009fc00-0x000000000009ffff] reserved
[    0.000000] BIOS-e820: [mem 0x00000000000f0000-0x00000000000fffff] reserved
[    0.000000] BIOS-e820: [mem 0x0000000000100000-0x000000003ffeffff] usable
[    0.000000] BIOS-e820: [mem 0x000000003fff0000-0x000000003fffffff] ACPI data
[    0.000000] BIOS-e820: [mem 0x00000000fec00000-0x00000000fec00fff] reserved
[    0.000000] BIOS-e820: [mem 0x00000000fee00000-0x00000000fee00fff] reserved
[    0.000000] BIOS-e820: [mem 0x00000000fffc0000-0x00000000ffffffff] reserved
[    0.000000] NX (Execute Disable) protection: active
[    0.000000] SMBIOS 2.5 present.
[    0.000000] Hypervisor detected: KVM
[    0.000000] e820: last_pfn = 0x3fff0 max_arch_pfn = 0x400000000
[    0.000000] MTRR: Disabled
[    0.000000] x86/PAT: MTRRs disabled, skipping PAT initialization too.
[    0.000000] x86/PAT: Configuration [0-7]: WB  WT  UC- UC  WB  WT  UC- UC  
[    0.000000] CPU MTRRs all blank - virtualized system.
[    0.000000] found SMP MP-table at [mem 0x0009fff0-0x0009ffff] mapped at [ffff88000009fff0]
[    0.000000] Scanning 1 areas for low memory corruption
[    0.000000] RAMDISK: [mem 0x36ac2000-0x37558fff]
[    0.000000] ACPI: Early table checksum verification disabled
[    0.000000] ACPI: RSDP 0x00000000000E0000 000024 (v02 VBOX  )
[    0.000000] ACPI: XSDT 0x000000003FFF0030 00003C (v01 VBOX   VBOXXSDT 00000001 ASL  00000061)
[    0.000000] ACPI: FACP 0x000000003FFF00F0 0000F4 (v04 VBOX   VBOXFACP 00000001 ASL  00000061)
[    0.000000] ACPI: DSDT 0x000000003FFF0470 0021C8 (v02 VBOX   VBOXBIOS 00000002 INTL 20170224)
[    0.000000] ACPI: FACS 0x000000003FFF0200 000040
[    0.000000] ACPI: FACS 0x000000003FFF0200 000040
[    0.000000] ACPI: APIC 0x000000003FFF0240 00005C (v02 VBOX   VBOXAPIC 00000001 ASL  00000061)
[    0.000000] ACPI: SSDT 0x000000003FFF02A0 0001CC (v01 VBOX   VBOXCPUT 00000002 INTL 20170224)
[    0.000000] No NUMA configuration found
[    0.000000] Faking a node at [mem 0x0000000000000000-0x000000003ffeffff]
[    0.000000] NODE_DATA(0) allocated [mem 0x3ffeb000-0x3ffeffff]
[    0.000000] kvm-clock: Using msrs 4b564d01 and 4b564d00
[    0.000000] kvm-clock: cpu 0, msr 0:3ffe3001, primary cpu clock
[    0.000000] kvm-clock: using sched offset of 3332581661 cycles
[    0.000000] clocksource: kvm-clock: mask: 0xffffffffffffffff max_cycles: 0x1cd42e4dffb, max_idle_ns: 881590591483 ns
[    0.000000] Zone ranges:
[    0.000000]   DMA      [mem 0x0000000000001000-0x0000000000ffffff]
[    0.000000]   DMA32    [mem 0x0000000001000000-0x000000003ffeffff]
[    0.000000]   Normal   empty
[    0.000000]   Device   empty
[    0.000000] Movable zone start for each node
[    0.000000] Early memory node ranges
[    0.000000]   node   0: [mem 0x0000000000001000-0x000000000009efff]
[    0.000000]   node   0: [mem 0x0000000000100000-0x000000003ffeffff]
[    0.000000] Initmem setup node 0 [mem 0x0000000000001000-0x000000003ffeffff]
[    0.000000] ACPI: PM-Timer IO Port: 0x4008
[    0.000000] IOAPIC[0]: apic_id 2, version 32, address 0xfec00000, GSI 0-23
[    0.000000] ACPI: INT_SRC_OVR (bus 0 bus_irq 0 global_irq 2 dfl dfl)
[    0.000000] ACPI: INT_SRC_OVR (bus 0 bus_irq 9 global_irq 9 high level)
[    0.000000] Using ACPI (MADT) for SMP configuration information
[    0.000000] smpboot: Allowing 2 CPUs, 0 hotplug CPUs
[    0.000000] PM: Registered nosave memory: [mem 0x00000000-0x00000fff]
[    0.000000] PM: Registered nosave memory: [mem 0x0009f000-0x0009ffff]
[    0.000000] PM: Registered nosave memory: [mem 0x000a0000-0x000effff]
[    0.000000] PM: Registered nosave memory: [mem 0x000f0000-0x000fffff]
[    0.000000] e820: [mem 0x40000000-0xfebfffff] available for PCI devices
[    0.000000] Booting paravirtualized kernel on KVM
[    0.000000] clocksource: refined-jiffies: mask: 0xffffffff max_cycles: 0xffffffff, max_idle_ns: 7645519600211568 ns
[    0.000000] setup_percpu: NR_CPUS:512 nr_cpumask_bits:512 nr_cpu_ids:2 nr_node_ids:1
[    0.000000] PERCPU: Embedded 33 pages/cpu @ffff88003fc00000 s98264 r8192 d28712 u1048576
[    0.000000] PV qspinlock hash table entries: 256 (order: 0, 4096 bytes)
[    0.000000] Built 1 zonelists in Node order, mobility grouping on.  Total pages: 257913
[    0.000000] Policy zone: DMA32
[    0.000000] Kernel command line: BOOT_IMAGE=/boot/vmlinuz-4.4.0-78-generic root=LABEL=cloudimg-rootfs ro console=tty1 console=ttyS0
[    0.000000] PID hash table entries: 4096 (order: 3, 32768 bytes)
[    0.000000] Memory: 1001736K/1048120K available (8469K kernel code, 1294K rwdata, 3984K rodata, 1484K init, 1316K bss, 46384K reserved, 0K cma-reserved)
[    0.000000] SLUB: HWalign=64, Order=0-3, MinObjects=0, CPUs=2, Nodes=1
[    0.000000] Hierarchical RCU implementation.
[    0.000000] 	Build-time adjustment of leaf fanout to 64.
[    0.000000] 	RCU restricting CPUs from NR_CPUS=512 to nr_cpu_ids=2.
[    0.000000] RCU: Adjusting geometry for rcu_fanout_leaf=64, nr_cpu_ids=2
[    0.000000] NR_IRQS:33024 nr_irqs:440 16
[    0.000000] Console: colour VGA+ 80x25
[    0.000000] console [tty1] enabled
[    0.000000] console [ttyS0] enabled
[    0.000000] tsc: Detected 2399.998 MHz processor
[    0.951098] Calibrating delay loop (skipped) preset value.. 4799.99 BogoMIPS (lpj=9599992)
[    0.952762] pid_max: default: 32768 minimum: 301
[    0.953661] ACPI: Core revision 20150930
[    0.956631] ACPI: 2 ACPI AML tables successfully acquired and loaded
[    0.991156] Security Framework initialized
[    0.991974] Yama: becoming mindful.
[    0.992690] AppArmor: AppArmor initialized
[    0.993598] Dentry cache hash table entries: 131072 (order: 8, 1048576 bytes)
[    0.994990] Inode-cache hash table entries: 65536 (order: 7, 524288 bytes)
[    0.996669] Mount-cache hash table entries: 2048 (order: 2, 16384 bytes)
[    0.998889] Mountpoint-cache hash table entries: 2048 (order: 2, 16384 bytes)
[    1.000241] Initializing cgroup subsys io
[    1.001023] Initializing cgroup subsys memory
[    1.001918] Initializing cgroup subsys devices
[    1.002745] Initializing cgroup subsys freezer
[    1.008951] Initializing cgroup subsys net_cls
[    1.009872] Initializing cgroup subsys perf_event
[    1.010767] Initializing cgroup subsys net_prio
[    1.011607] Initializing cgroup subsys hugetlb
[    1.012464] Initializing cgroup subsys pids
[    1.013400] CPU: Physical Processor ID: 0
[    1.014225] CPU: Processor Core ID: 0
[    1.016117] mce: CPU supports 0 MCE banks
[    1.016965] Last level iTLB entries: 4KB 64, 2MB 8, 4MB 8
[    1.017994] Last level dTLB entries: 4KB 64, 2MB 0, 4MB 0, 1GB 4
[    1.020994] Freeing SMP alternatives memory: 32K (ffffffff820b8000 - ffffffff820c0000)
[    1.043011] ftrace: allocating 32120 entries in 126 pages
[    1.090488] smpboot: APIC(0) Converting physical 0 to logical package 0
[    1.111204] smpboot: Max logical packages: 1
[    1.112370] x2apic enabled
[    1.113208] Switched APIC routing to physical x2apic.
[    1.115301] ..TIMER: vector=0x30 apic1=0 pin1=2 apic2=-1 pin2=-1
[    1.222069] smpboot: CPU0: Intel(R) Core(TM) i5-6200U CPU @ 2.30GHz (family: 0x6, model: 0x4e, stepping: 0x3)
[    1.331451] Performance Events: unsupported p6 CPU model 78 no PMU driver, software events only.
[    1.333179] KVM setup paravirtual spinlock
[    1.334786] x86: Booting SMP configuration:
[    1.339379] .... node  #0, CPUs:      #1
[    1.340260] kvm-clock: cpu 1, msr 0:3ffe3041, secondary cpu clock
[    1.342118] mce: CPU supports 0 MCE banks
[    1.344516] x86: Booted up 1 node, 2 CPUs
[    1.345572] smpboot: Total of 2 processors activated (9599.99 BogoMIPS)
[    1.347114] devtmpfs: initialized
[    1.349287] evm: security.selinux
[    1.350049] evm: security.SMACK64
[    1.350730] evm: security.SMACK64EXEC
[    1.353432] evm: security.SMACK64TRANSMUTE
[    1.354268] evm: security.SMACK64MMAP
[    1.355058] evm: security.ima
[    1.355746] evm: security.capability
[    1.356711] clocksource: jiffies: mask: 0xffffffff max_cycles: 0xffffffff, max_idle_ns: 7645041785100000 ns
[    1.358532] futex hash table entries: 512 (order: 3, 32768 bytes)
[    1.359753] pinctrl core: initialized pinctrl subsystem
[    1.360859] RTC time:  3:58:53, date: 06/02/17
[    1.362378] NET: Registered protocol family 16
[    1.374607] cpuidle: using governor ladder
[    1.430611] cpuidle: using governor menu
[    1.471622] PCCT header not found.
[    1.473533] ACPI: bus type PCI registered
[    1.474412] acpiphp: ACPI Hot Plug PCI Controller Driver version: 0.5
[    1.513440] PCI: Using configuration type 1 for base access
[    1.527360] ACPI: Added _OSI(Module Device)
[    1.529617] ACPI: Added _OSI(Processor Device)
[    1.538664] ACPI: Added _OSI(3.0 _SCP Extensions)
[    1.539581] ACPI: Added _OSI(Processor Aggregator Device)
[    1.543590] ACPI: Executed 1 blocks of module-level executable AML code
[    1.546915] ACPI: Interpreter enabled
[    1.578994] ACPI: (supports S0 S5)
[    1.581151] ACPI: Using IOAPIC for interrupt routing
[    1.582244] PCI: Using host bridge windows from ACPI; if necessary, use "pci=nocrs" and report a bug
[    1.587310] ACPI: PCI Root Bridge [PCI0] (domain 0000 [bus 00-ff])
[    1.591242] acpi PNP0A03:00: _OSC: OS supports [ASPM ClockPM Segments MSI]
[    1.592371] acpi PNP0A03:00: _OSC failed (AE_NOT_FOUND); disabling ASPM
[    1.593525] acpi PNP0A03:00: fail to add MMCONFIG information, can't access extended PCI configuration space under this bridge.
[    1.595721] PCI host bridge to bus 0000:00
[    1.596542] pci_bus 0000:00: root bus resource [io  0x0000-0x0cf7 window]
[    1.603009] pci_bus 0000:00: root bus resource [io  0x0d00-0xffff window]
[    1.604174] pci_bus 0000:00: root bus resource [mem 0x000a0000-0x000bffff window]
[    1.605627] pci_bus 0000:00: root bus resource [mem 0x40000000-0xffdfffff window]
[    1.607248] pci_bus 0000:00: root bus resource [bus 00-ff]
[    1.610686] pci 0000:00:01.1: legacy IDE quirk: reg 0x10: [io  0x01f0-0x01f7]
[    1.611943] pci 0000:00:01.1: legacy IDE quirk: reg 0x14: [io  0x03f6]
[    1.613094] pci 0000:00:01.1: legacy IDE quirk: reg 0x18: [io  0x0170-0x0177]
[    1.614296] pci 0000:00:01.1: legacy IDE quirk: reg 0x1c: [io  0x0376]
[    1.638086] pci 0000:00:07.0: quirk: [io  0x4000-0x403f] claimed by PIIX4 ACPI
[    1.788193] pci 0000:00:07.0: quirk: [io  0x4100-0x410f] claimed by PIIX4 SMB
[    1.801289] ACPI: PCI Interrupt Link [LNKA] (IRQs 5 9 10 *11)
[    1.808253] ACPI: PCI Interrupt Link [LNKB] (IRQs 5 9 10 *11)
[    1.809762] ACPI: PCI Interrupt Link [LNKC] (IRQs 5 9 *10 11)
[    1.848286] ACPI: PCI Interrupt Link [LNKD] (IRQs 5 *9 10 11)
[    1.988024] ACPI: Enabled 2 GPEs in block 00 to 07
[    2.010356] vgaarb: setting as boot device: PCI:0000:00:02.0
[    2.011361] vgaarb: device added: PCI:0000:00:02.0,decodes=io+mem,owns=io+mem,locks=none
[    2.012889] vgaarb: loaded
[    2.013533] vgaarb: bridge control possible 0000:00:02.0
[    2.014755] SCSI subsystem initialized
[    2.015689] ACPI: bus type USB registered
[    2.016496] usbcore: registered new interface driver usbfs
[    2.017638] usbcore: registered new interface driver hub
[    2.018668] usbcore: registered new device driver usb
[    2.020031] PCI: Using ACPI for IRQ routing
[    2.021158] NetLabel: Initializing
[    2.021850] NetLabel:  domain hash size = 128
[    2.022777] NetLabel:  protocols = UNLABELED CIPSOv4
[    2.023711] NetLabel:  unlabeled traffic allowed by default
[    2.024900] amd_nb: Cannot enumerate AMD northbridges
[    2.025866] clocksource: Switched to clocksource kvm-clock
[    2.040761] AppArmor: AppArmor Filesystem Enabled
[    2.052382] pnp: PnP ACPI init
[    2.053768] pnp: PnP ACPI: found 3 devices
[    2.068531] clocksource: acpi_pm: mask: 0xffffff max_cycles: 0xffffff, max_idle_ns: 2085701024 ns
[    2.074685] NET: Registered protocol family 2
[    2.075827] TCP established hash table entries: 8192 (order: 4, 65536 bytes)
[    2.080165] TCP bind hash table entries: 8192 (order: 5, 131072 bytes)
[    2.081271] TCP: Hash tables configured (established 8192 bind 8192)
[    2.082369] UDP hash table entries: 512 (order: 2, 16384 bytes)
[    2.083378] UDP-Lite hash table entries: 512 (order: 2, 16384 bytes)
[    2.084547] NET: Registered protocol family 1
[    2.085418] pci 0000:00:00.0: Limiting direct PCI/PCI transfers
[    2.086506] pci 0000:00:01.0: Activating ISA DMA hang workarounds
[    2.088375] Unpacking initramfs...
[    3.997891] Freeing initrd memory: 10844K (ffff880036ac2000 - ffff880037559000)
[    4.016459] platform rtc_cmos: registered platform RTC device (no PNP device found)
[    4.018059] Scanning for low memory corruption every 60 seconds
[    4.019681] audit: initializing netlink subsys (disabled)
[    4.020641] audit: type=2000 audit(1496375939.111:1): initialized
[    4.022041] Initialise system trusted keyring
[    4.023217] HugeTLB registered 2 MB page size, pre-allocated 0 pages
[    4.026025] zbud: loaded
[    4.030954] VFS: Disk quotas dquot_6.6.0
[    4.031989] VFS: Dquot-cache hash table entries: 512 (order 0, 4096 bytes)
[    4.038953] squashfs: version 4.0 (2009/01/31) Phillip Lougher
[    4.040427] fuse init (API version 7.23)
[    4.041473] Key type big_key registered
[    4.042297] Allocating IMA MOK and blacklist keyrings.
[    4.044424] Key type asymmetric registered
[    4.115464] Asymmetric key parser 'x509' registered
[    4.141006] Block layer SCSI generic (bsg) driver version 0.4 loaded (major 249)
[    4.147352] io scheduler noop registered
[    4.148158] io scheduler deadline registered (default)
[    4.149135] io scheduler cfq registered
[    4.150050] pci_hotplug: PCI Hot Plug PCI Core version: 0.5
[    4.151095] pciehp: PCI Express Hot Plug Controller Driver version: 0.4
[    4.152319] ACPI: AC Adapter [AC] (on-line)
[    4.153155] input: Power Button as /devices/LNXSYSTM:00/LNXPWRBN:00/input/input0
[    4.154715] ACPI: Power Button [PWRF]
[    4.155492] input: Sleep Button as /devices/LNXSYSTM:00/LNXSLPBN:00/input/input1
[    4.156882] ACPI: Sleep Button [SLPF]
[    4.157834] GHES: HEST is not enabled!
[    4.158414] ACPI: Battery Slot [BAT0] (battery present)
[    4.160868] Serial: 8250/16550 driver, 32 ports, IRQ sharing enabled
[    4.212529] 00:02: ttyS0 at I/O 0x3f8 (irq = 4, base_baud = 115200) is a 16550A
[    4.224796] Linux agpgart interface v0.103
[    4.233252] loop: module loaded
[    4.235652] scsi host0: ata_piix
[    4.238786] scsi host1: ata_piix
[    4.243516] ata1: PATA max UDMA/33 cmd 0x1f0 ctl 0x3f6 bmdma 0xd000 irq 14
[    4.244714] ata2: PATA max UDMA/33 cmd 0x170 ctl 0x376 bmdma 0xd008 irq 15
[    4.246053] libphy: Fixed MDIO Bus: probed
[    4.246884] tun: Universal TUN/TAP device driver, 1.6
[    4.247856] tun: (C) 1999-2004 Max Krasnyansky <maxk@qualcomm.com>
[    4.249140] PPP generic driver version 2.4.2
[    4.250142] ehci_hcd: USB 2.0 'Enhanced' Host Controller (EHCI) Driver
[    4.251277] ehci-pci: EHCI PCI platform driver
[    4.252140] ehci-platform: EHCI generic platform driver
[    4.253080] ohci_hcd: USB 1.1 'Open' Host Controller (OHCI) Driver
[    4.259517] ohci-pci: OHCI PCI platform driver
[    4.260413] ohci-platform: OHCI generic platform driver
[    4.261356] uhci_hcd: USB Universal Host Controller Interface driver
[    4.262555] i8042: PNP: PS/2 Controller [PNP0303:PS2K,PNP0f03:PS2M] at 0x60,0x64 irq 1,12
[    4.264499] serio: i8042 KBD port at 0x60,0x64 irq 1
[    4.265433] serio: i8042 AUX port at 0x60,0x64 irq 12
[    4.266762] mousedev: PS/2 mouse device common for all mice
[    4.268174] input: AT Translated Set 2 keyboard as /devices/platform/i8042/serio0/input/input2
[    4.272077] rtc_cmos rtc_cmos: rtc core: registered rtc_cmos as rtc0
[    4.273218] rtc_cmos rtc_cmos: alarms up to one day, 114 bytes nvram
[    4.274409] i2c /dev entries driver
[    4.276311] device-mapper: uevent: version 1.0.3
[    4.277285] device-mapper: ioctl: 4.34.0-ioctl (2015-10-28) initialised: dm-devel@redhat.com
[    4.279029] ledtrig-cpu: registered to indicate activity on CPUs
[    4.280564] NET: Registered protocol family 10
[    4.281767] NET: Registered protocol family 17
[    4.293345] Key type dns_resolver registered
[    4.294529] microcode: CPU0 sig=0x406e3, pf=0x2, revision=0x0
[    4.295609] microcode: CPU1 sig=0x406e3, pf=0x2, revision=0x0
[    4.296669] microcode: Microcode Update Driver: v2.01 <tigran@aivazian.fsnet.co.uk>, Peter Oruba
[    4.298850] registered taskstats version 1
[    4.299694] Loading compiled-in X.509 certificates
[    4.301210] Loaded X.509 cert 'Build time autogenerated kernel key: 779fd75203f0d36b99b83c7328fac831ec7adf9e'
[    4.313034] zswap: loaded using pool lzo/zbud
[    4.316845] Key type trusted registered
[    4.321689] Key type encrypted registered
[    4.323584] AppArmor: AppArmor sha1 policy hashing enabled
[    4.324618] ima: No TPM chip found, activating TPM-bypass!
[    4.325640] evm: HMAC attrs: 0x1
[    4.326745]   Magic number: 5:905:966
[    4.327704] rtc_cmos rtc_cmos: setting system clock to 2017-06-02 03:58:56 UTC (1496375936)
[    4.330776] BIOS EDD facility v0.16 2004-Jun-25, 0 devices found
[    4.331865] EDD information not available.
[    4.404006] Freeing unused kernel memory: 1484K (ffffffff81f45000 - ffffffff820b8000)
[    4.411428] Write protecting the kernel read-only data: 14336k
[    4.414273] Freeing unused kernel memory: 1760K (ffff880001848000 - ffff880001a00000)
[    4.450643] Freeing unused kernel memory: 112K (ffff880001de4000 - ffff880001e00000)
Loading, please wait...
starting version[    4.464803] random: systemd-udevd: uninitialized urandom read (16 bytes read, 3 bits of entropy available)
 229
[    4.465642] random: udevadm: uninitialized urandom read (16 bytes read, 3 bits of entropy available)
[    4.465687] random: udevadm: uninitialized urandom read (16 bytes read, 3 bits of entropy available)
[    4.465827] random: udevadm: uninitialized urandom read (16 bytes read, 3 bits of entropy available)
[    4.465924] random: udevadm: uninitialized urandom read (16 bytes read, 3 bits of entropy available)
[    4.465982] random: udevadm: uninitialized urandom read (16 bytes read, 3 bits of entropy available)
[    4.466035] random: udevadm: uninitialized urandom read (16 bytes read, 3 bits of entropy available)
[    4.466084] random: udevadm: uninitialized urandom read (16 bytes read, 3 bits of entropy available)
[    4.466131] random: udevadm: uninitialized urandom read (16 bytes read, 3 bits of entropy available)
[    4.466184] random: udevadm: uninitialized urandom read (16 bytes read, 3 bits of entropy available)
[    4.538116] e1000: Intel(R) PRO/1000 Network Driver - version 7.3.21-k8-NAPI
[    4.570098] e1000: Copyright (c) 1999-2006 Intel Corporation.
[    4.573449] Fusion MPT base driver 3.04.20
[    4.589734] Copyright (c) 1999-2008 LSI Corporation
[    4.594846] Fusion MPT SPI Host driver 3.04.20
[    4.620700] AVX version of gcm_enc/dec engaged.
[    4.631070] AES CTR mode by8 optimization enabled
[    4.839501] input: ImExPS/2 Generic Explorer Mouse as /devices/platform/i8042/serio1/input/input4
[    4.925885] e1000 0000:00:03.0 eth0: (PCI:33MHz:32-bit) 02:07:98:91:28:34
[    4.990745] e1000 0000:00:03.0 eth0: Intel(R) PRO/1000 Network Connection
[    4.992663] mptbase: ioc0: Initiating bringup
[    5.015444] tsc: Refined TSC clocksource calibration: 2400.759 MHz
[    5.046773] clocksource: tsc: mask: 0xffffffffffffffff max_cycles: 0x229b046c282, max_idle_ns: 440795287683 ns
[    5.058083] ioc0: LSI53C1030 A0: Capabilities={Initiator}
[    5.237865] scsi host2: ioc0: LSI53C1030 A0, FwRev=00000000h, Ports=1, MaxQ=256, IRQ=20
[    5.392042] scsi 2:0:0:0: Direct-Access     VBOX     HARDDISK         1.0  PQ: 0 ANSI: 5
[    5.403552] scsi target2:0:0: Beginning Domain Validation
[    5.410944] scsi target2:0:0: Domain Validation skipping write tests
[    5.416588] scsi target2:0:0: Ending Domain Validation
[    5.419453] scsi target2:0:0: asynchronous
[    5.426084] scsi 2:0:1:0: Direct-Access     VBOX     HARDDISK         1.0  PQ: 0 ANSI: 5
[    5.429571] scsi target2:0:1: Beginning Domain Validation
[    5.432561] scsi target2:0:1: Domain Validation skipping write tests
[    5.434484] scsi target2:0:1: Ending Domain Validation
[    5.435758] scsi target2:0:1: asynchronous
[    5.450804] sd 2:0:0:0: Attached scsi generic sg0 type 0
[    5.457751] sd 2:0:1:0: Attached scsi generic sg1 type 0
[    5.460350] sd 2:0:0:0: [sda] 20971520 512-byte logical blocks: (10.7 GB/10.0 GiB)
[    5.469561] sd 2:0:1:0: [sdb] 20480 512-byte logical blocks: (10.5 MB/10.0 MiB)
[    5.483615] sd 2:0:0:0: [sda] Write Protect is off
[    5.484846] sd 2:0:1:0: [sdb] Write Protect is off
[    5.487088] sd 2:0:0:0: [sda] Incomplete mode parameter data
[    5.490321] sd 2:0:0:0: [sda] Assuming drive cache: write through
[    5.493011] sd 2:0:1:0: [sdb] Incomplete mode parameter data
[    5.499497] sd 2:0:1:0: [sdb] Assuming drive cache: write through
[    5.568088]  sda: sda1
[    5.570431] sd 2:0:0:0: [sda] Attached SCSI disk
[    5.608025] sd 2:0:1:0: [sdb] Attached SCSI disk
[    5.749866] e1000 0000:00:08.0 eth1: (PCI:33MHz:32-bit) 08:00:27:bc:c1:02
[    5.760117] e1000 0000:00:08.0 eth1: Intel(R) PRO/1000 Network Connection
[    5.780429] e1000 0000:00:03.0 enp0s3: renamed from eth0
[    5.790139] e1000 0000:00:08.0 enp0s8: renamed from eth1
[    7.574775] floppy0: no floppy controllers found
Begin: Loading essential drivers ... [    9.010578] md: linear personality registered for level -1
[    9.013716] md: multipath personality registered for level -4
[    9.045323] md: raid0 personality registered for level 0
[    9.050265] md: raid1 personality registered for level 1
[    9.121924] raid6: sse2x1   gen()  7515 MB/s
[    9.197918] raid6: sse2x1   xor()  4812 MB/s
[    9.269889] raid6: sse2x2   gen()  9075 MB/s
[    9.365938] raid6: sse2x2   xor()  6281 MB/s
[    9.437936] raid6: sse2x4   gen() 10054 MB/s
[    9.505890] raid6: sse2x4   xor()  7199 MB/s
[    9.512000] raid6: using algorithm sse2x4 gen() 10054 MB/s
[    9.512955] raid6: .... xor() 7199 MB/s, rmw enabled
[    9.513841] raid6: using ssse3x2 recovery algorithm
[    9.516025] xor: automatically using best checksumming function:
[    9.557935]    avx       : 18788.000 MB/sec
[    9.565468] async_tx: api initialized (async)
[    9.579508] md: raid6 personality registered for level 6
[    9.599991] md: raid5 personality registered for level 5
[    9.600949] md: raid4 personality registered for level 4
[    9.607036] md: raid10 personality registered for level 10
done.
Begin: Running /scripts/init-premount ... done.
Begin: Mounting root file system ... Begin: Running /scripts/local-top ... done.
Begin: Running /scripts/local-premount ... [    9.649681] Btrfs loaded
Scanning for Btrfs filesystems
done.
Warning: fsck not present, so skipping root file system
[    9.895385] EXT4-fs (sda1): mounted filesystem with ordered data mode. Opts: (null)
done.
Begin: Running /scripts/local-bottom ... done.
Begin: Running /scripts/init-bottom ... done.
[   10.601997] systemd[1]: systemd 229 running in system mode. (+PAM +AUDIT +SELINUX +IMA +APPARMOR +SMACK +SYSVINIT +UTMP +LIBCRYPTSETUP +GCRYPT +GNUTLS +ACL +XZ -LZ4 +SECCOMP +BLKID +ELFUTILS +KMOD -IDN)
[   10.617065] systemd[1]: Detected virtualization oracle.
[   10.621525] systemd[1]: Detected architecture x86-64.

Welcome to [1mUbuntu 16.04.2 LTS[0m!

[   10.680973] systemd[1]: Set hostname to <ubuntu>.
[   10.704452] systemd[1]: Initializing machine ID from random generator.
[   10.749976] systemd[1]: Installed transient /etc/machine-id file.
[   10.864979] random: nonblocking pool is initialized
[   12.012714] systemd[1]: Listening on LVM2 metadata daemon socket.
[[0;32m  OK  [0m] Listening on LVM2 metadata daemon socket.
[   12.019913] systemd[1]: Listening on Journal Socket.
[[0;32m  OK  [0m] Listening on Journal Socket.
[   12.042839] systemd[1]: Reached target Swap.
[[0;32m  OK  [0m] Reached target Swap.
[   12.067712] systemd[1]: Set up automount Arbitrary Executable File Formats File System Automount Point.
[[0;32m  OK  [0m] Set up automount Arbitrary Executab...ats File System Automount Point.
[   12.074613] systemd[1]: Reached target User and Group Name Lookups.
[[0;32m  OK  [0m] Reached target User and Group Name Lookups.
[   12.076771] systemd[1]: Listening on Journal Audit Socket.
[[0;32m  OK  [0m] Listening on Journal Audit Socket.
[   12.078949] systemd[1]: Listening on Device-mapper event daemon FIFOs.
[[0;32m  OK  [0m] Listening on Device-mapper event daemon FIFOs.
[   12.111102] systemd[1]: Started Forward Password Requests to Wall Directory Watch.
[[0;32m  OK  [0m] Started Forward Password Requests to Wall Directory Watch.
[   12.113707] systemd[1]: Listening on udev Kernel Socket.
[[0;32m  OK  [0m] Listening on udev Kernel Socket.
[   12.115623] systemd[1]: Listening on /dev/initctl Compatibility Named Pipe.
[[0;32m  OK  [0m] Listening on /dev/initctl Compatibility Named Pipe.
[   12.117857] systemd[1]: Listening on Syslog Socket.
[[0;32m  OK  [0m] Listening on Syslog Socket.
[   12.120024] systemd[1]: Created slice System Slice.
[[0;32m  OK  [0m] Created slice System Slice.
[   12.136469] systemd[1]: Created slice system-serial\x2dgetty.slice.
[[0;32m  OK  [0m] Created slice system-serial\x2dgetty.slice.
[   12.250241] systemd[1]: Starting Load Kernel Modules...
         Starting Load Kernel Mo[   12.308920] Loading iSCSI transport class v2.0-870.
dules...
[   12.323095] systemd[1]: Starting Create list of required static device nodes for the current kernel...
         Starting Create list of required st... nodes for the current kernel...
[   12.370256] systemd[1]: Starting Monitoring of LVM2 mirrors, snapshots etc. using dmeventd or progress polling...
         Starting Monitoring of LVM2 mirrors... dmeventd or progress polling...
[   12.384874] systemd[1]: Mounting Huge Pages File System...
         Mountin[   12.400617] iscsi: registered transport (tcp)
g Huge Pages File System...
[   12.438051] systemd[1]: Mounting POSIX Message Queue File System...
         Mounting POSIX Message Queue File System...
[   12.462777] systemd[1]: Starting Uncomplicated firewall...
         Starting Uncomplicated firewall...
[   12.467678] systemd[1]: Mounting Debug File System...
         Mounting Debug File System...
[   12.493577] systemd[1]: Starting Set console keymap...
         Starting Set console keymap...
[   12.499246] systemd[1]: Starting Remount Root and Kernel File Systems...
         Starting Remount Root and Kernel File Systems...
[   12.505689] systemd[1]: Created slice User and Session Slice.
[[0;32m  OK  [0m] Created slice User and Session Slice.
[   12.507929] systemd[1]: Reached target Slices.
[[0;32m  OK  [0m] Reached target Slices.
[   12.509834] systemd[1]: Started Trigger resolvconf update for networkd DNS.
[[0;32m  OK  [0m] Started Trigger resolvconf update for network[   12.560474] EXT4-fs (sda1): re-mounted. Opts: (null)
d DNS.
[   12.561764] systemd[1]: Listening on udev Control Socket.
[[0;32m  OK  [0m] Listening on udev Control Socket.
[   12.626229] systemd[1]: Starting Nameserver information manager...
         Starting Nameserver information [   12.686525] iscsi: registered transport (iser)
manager...
[   12.839729] systemd[1]: Listening on LVM2 poll daemon socket.
[[0;32m  OK  [0m] Listening on LVM2 poll daemon socket.
[   12.844242] systemd[1]: Reached target Encrypted Volumes.
[[0;32m  OK  [0m] Reached target Encrypted Volumes.
[   12.846165] systemd[1]: Listening on Journal Socket (/dev/log).
[[0;32m  OK  [0m] Listening on Journal Socket (/dev/log).
[   12.849740] systemd[1]: Starting Journal Service...
         Starting Journal Service...
[   12.862169] systemd[1]: Mounted POSIX Message Queue File System.
[[0;32m  OK  [0m] Mounted POSIX Message Queue File System.
[   12.899017] systemd[1]: Mounted Debug File System.
[[0;32m  OK  [0m] Mounted Debug File System.
[   12.958082] systemd[1]: Mounted Huge Pages File System.
[[0;32m  OK  [0m] Mounted Huge Pages File System.
[   13.021906] systemd[1]: Started Load Kernel Modules.
[[0;32m  OK  [0m] Started Load Kernel Modules.
[   13.060127] systemd[1]: Started Create list of required static device nodes for the current kernel.
[[0;32m  OK  [0m] Started Create list of required sta...ce nodes for the current kernel.
[   13.110655] systemd[1]: Started Uncomplicated firewall.
[[0;32m  OK  [0m] Started Uncomplicated firewall.
[   13.127307] systemd[1]: Started Set console keymap.
[[0;32m  OK  [0m] Started Set console keymap.
[   13.148688] systemd[1]: Started Remount Root and Kernel File Systems.
[[0;32m  OK  [0m] Started Remount Root and Kernel File Systems.
[   13.174570] systemd[1]: Started Journal Service.
[[0;32m  OK  [0m] Started Journal Service.
[[0;32m  OK  [0m] Started Nameserver information manager.
[[0;32m  OK  [0m] Started LVM2 metadata daemon.
         Starting Load/Save Random Seed...
         Starting Flush Journal to Persistent Storage...
         Starting Initial cloud-init job (pre-networking)...
         Starting udev Coldplug all Devices...
         Starting Create Static Device Nodes in /dev...
         Starting Apply Kernel Variables...
         Mounting FUSE Control File System...
[[0;32m  OK  [0m] Mounted FUSE Control File System.
[   13.463112] systemd-journald[410]: Received request to flush runtime journal from PID 1
[[0;32m  OK  [0m] Started Apply Kernel Variables.
[[0;32m  OK  [0m] Started Load/Save Random Seed.
[[0;32m  OK  [0m] Started Flush Journal to Persistent Storage.
[[0;32m  OK  [0m] Started udev Coldplug all Devices.
[[0;32m  OK  [0m] Started Create Static Device Nodes in /dev.
         Starting udev Kernel Device Manager...
[[0;32m  OK  [0m] Started Monitoring of LVM2 mirrors,...ng dmeventd or progress polling.
[[0;32m  OK  [0m] Started udev Kernel Device Manager.
[[0;32m  OK  [0m] Started Dispatch Password Requests to Console Directory Watch.
[[0;32m  OK  [0m] Reached target Local File Systems (Pre).
[[0;32m  OK  [0m] Reached target Local File Systems.
         Starting Set console font and keymap...
         Starting Create Volatile Files and Directories...
         Starting LSB: AppArmor initialization...
         Starting Tell Plymouth To Write Out Runtime Data...
         Starting Commit a transient machine-id on disk...
[[0;32m  OK  [0m] Started Commit a transient machine-id on disk.
[[0;32m  OK  [0m] Started Tell Plymouth To Write Out Runtime Data.
[[0;32m  OK  [0m] Started Create Volatile Files and Directories.
         Starting Update UTMP about System Boot/Shutdown...
[[0;32m  OK  [0m] Reached target System Time Synchronized.
[[0;32m  OK  [0m] Started Update UTMP about System Boot/Shutdown.
[[0;32m  OK  [0m] Found device /dev/ttyS0.
[[0;32m  OK  [0m] Started Set console font and keymap.
[[0;32m  OK  [0m] Created slice system-getty.slice.
[[0;32m  OK  [0m] Listening on Load/Save RF Kill Switch Status /dev/rfkill Watch.
[[0;32m  OK  [0m] Started LSB: AppArmor initialization.
[   17.404464] cloud-init[435]: Cloud-init v. 0.7.9 running 'init-local' at Fri, 02 Jun 2017 03:59:10 +0000. Up 16.84 seconds.
[[0;32m  OK  [0m] Started Initial cloud-init job (pre-networking).
[[0;32m  OK  [0m] Reached target Network (Pre).
         Starting Raise network interfaces...
[[0;32m  OK  [0m] Started Raise network interfaces.
[[0;32m  OK  [0m] Reached target Network.
         Starting Initial cloud-init job (metadata service crawler)...
[   20.148527] cloud-init[944]: Cloud-init v. 0.7.9 running 'init' at Fri, 02 Jun 2017 03:59:12 +0000. Up 18.26 seconds.
[   20.166730] cloud-init[944]: ci-info: +++++++++++++++++++++++++++++++++++++Net device info++++++++++++++++++++++++++++++++++++++
[   20.204302] cloud-init[944]: ci-info: +--------+-------+---------------------------+---------------+-------+-------------------+
[   20.204582] cloud-init[944]: ci-info: | Device |   Up  |          Address          |      Mask     | Scope |     Hw-Address    |
[[0;32m  OK  [0m] Started Initial cloud-init job (metadata service crawler).
[   20.204694] cloud-init[944]: ci-info: +--------+-------+---------------------------+---------------+-------+-------------------+
[   20.219338] cloud-init[944]: ci-info: | enp0s3 |  True |         10.0.2.15         | 255.255.255.0 |   .   | 02:07:98:91:28:34 |
[   20.219523] cloud-init[944]: ci-info: | enp0s3 |  True | fe80::7:98ff:fe91:2834/64 |       .       |  link | 02:07:98:91:28:34 |
[[0;32m  OK  [0m] Reached target Cloud-config availability.
[   20.219612] cloud-init[944]: ci-info: | enp0s8 | False |             .             |       .       |   .   | 08:00:27:bc:c1:02 |
[   20.244472] cloud-init[944]: ci-info: |   lo   |  True |         127.0.0.1         |   255.0.0.0   |   .   |         .         |
[   20.244569] cloud-init[944]: ci-info: |   lo   |  True |          ::1/128          |       .       |  host |         .         |
[   20.244747] cloud-init[944]: ci-info: +--------+-------+---------------------------+---------------+-------+-------------------+
[[0;32m  OK  [0m] Reached target System Initialization.
[[   20.244918] cloud-init[944]: ci-info: +++++++++++++++++++++++++++Route IPv4 info++++++++++++++++++++++++++++
[   20.384989] cloud-init[944]: ci-info: +-------+-------------+----------+---------------+-----------+-------+
[   20.385501] cloud-init[944]: ci-info: | Route | Destination | Gateway  |    Genmask    | Interface | Flags |
[   20.386067] cloud-init[944]: ci-info: +-------+-------------+----------+---------------+-----------+-------+
[   20.386460] cloud-init[944]: ci-info: |   0   |   0.0.0.0   | 10.0.2.2 |    0.0.0.0    |   enp0s3  |   UG  |
[   20.387230] cloud-init[944]: ci-info: |   1   |   10.0.2.0  | 0.0.0.0  | 255.255.255.0 |   enp0s3  |   U   |
[   20.387618] cloud-init[944]: ci-info: +-------+-------------+----------+---------------+-----------+-------+
[   20.388033] cloud-init[944]: Generating public/private rsa key pair.
[   20.388801] cloud-init[944]: Your identification has been saved in /etc/ssh/ssh_host_rsa_key.
[   20.389163] cloud-init[944]: Your public key has been saved in /etc/ssh/ssh_host_rsa_key.pub.
[   20.389550] cloud-init[944]: The key fingerprint is:
[   20.389930] cloud-init[944]: SHA256:jXi2PsWHlbtc6kjBvsrBCFN5kjpJmuzTxTFmV8YAIIU root@ubuntu-xenial
[0;32m  OK  [0m] Started Timer to automatically refresh installed snaps.
[   20.390348] cloud-init[944]: The key's randomart image is:
[   20.691786] cloud-init[944]: +---[RSA 2048]----+
[   20.692963] cloud-init[944]: |  .oo....oo      |
[   20.693704] cloud-init[944]: |  E.   o o.      |
[   20.694360] cloud-init[944]: |    . X o    .   |
[   20.695083] cloud-init[944]: | . + B B +  o    |
[[0;32m  OK  [0m] Listening on ACPID Listen Socket.
[   20.695770] cloud-init[944]: |  + * + S.+o .   |
[   20.731678] cloud-init[944]: | . . = = o+.o .  |
[[0;32m  OK  [0m] Started Daily Cleanup of Temporary Directories.
[[   20.732524] cloud-init[944]: |  o . . +.oo +   |
[0;32m  OK  [0m[   20.744515] cloud-init[944]: |   .   o.o o+    |
] Started Daily apt activities.
[   20.745915] cloud-init[944]: |        +oo..    |
[   20.777952] cloud-init[944]: +----[SHA256]-----+
[[0;32m  OK  [0m] Reached target Timers.
[   20.778265] cloud-init[944]: Generating public/private dsa key pair.
[   20.830946] cloud-init[944]: Your identification has been saved in /etc/ssh/ssh_host_dsa_key.
[   20.832354] cloud-init[944]: Your public key has been saved in /etc/ssh/ssh_host_dsa_key.pub.
[   20.832928] cloud-init[944]: The key fingerprint is:
         Starting Socket activation for snappy daemon.
[   20.834342] cloud-init[944]: SHA256:FLLjyWPvVIWJbo1it6GBPo1VgC9lTQcvkpwbkBzfjsk root@ubuntu-xenial
[   20.949526] cloud-init[944]: The key's randomart image is:
[   20.954066] cloud-init[944]: +---[DSA 1024]----+
[   20.960619] cloud-init[944]: |   .o+oo+..      |
[   20.967510] cloud-init[944]: |    ++oB.= o     |
         [   20.999712] Starting LXD - unix socket.cloud-init
[944]: |     +X * + .    |
[[   21.011944] cloud-init[944]: |    .=.& + .     |
[   21.014323] cloud-init[944]: |    ..E S o      |
[   21.014593] cloud-init[944]: |   . * O +       |
[0;32m  OK  [0m] Listening on D-Bus System Message Bus Socket.
[   21.015363] cloud-init[944]: |    + o +        |
[   21.031025] cloud-init[944]: |     . o         |
[   21.033372] cloud-init[944]: |        .        |
[   21.033991] cloud-init[944]: +----[SHA256]-----+
[[0;32m  OK  [0m] Started ACPI Events Check.
[[   21.034355] cloud-init[944]: Generating public/private ecdsa key pair.
[   21.040693] cloud-init[944]: Your identification has been saved in /etc/ssh/ssh_host_ecdsa_key.
[   21.041390] cloud-init[944]: Your public key has been saved in /etc/ssh/ssh_host_ecdsa_key.pub.
[   21.041757] cloud-init[944]: The key fingerprint is:
[   21.042134] cloud-init[944]: SHA256:leFIwnV850y7oBxj5lmkRIersbYIIrAQl+ogF7l1MIA root@ubuntu-xenial
[   21.042518] cloud-init[944]: The key's randomart image is:
[   21.042899] cloud-init[944]: +---[ECDSA 256]---+
[   21.043288] cloud-init[944]: | ..+oo..oo+..    |
[   21.043713] cloud-init[944]: |E = ..oo +++o o  |
[   21.044156] cloud-init[944]: | + + .  ..+= = . |
[   21.044459] cloud-init[944]: |* o     ..B o +  |
[0;32m  OK  [0m] Reached target Paths.
[   21.045037] cloud-init[944]: |*o      SO * . . |
[   21.107726] cloud-init[944]: |o.. .   + =   .  |
[   21.109144] cloud-init[944]: | . . . o .       |
[   21.109789] cloud-init[944]: |      . .        |
[   21.110524] cloud-init[944]: |                 |
[   21.111166] cloud-init[944]: +----[SHA256]-----+
[   21.111820] cloud-init[944]: Generating public/private ed25519 key pair.
[[0;32m  OK  [0m] Listening on UUID daemon activation socket.
[   21.112595] cloud-init[944]: Your identification has been saved in /etc/ssh/ssh_host_ed25519_key.
[   21.145188] cloud-init[944]: Your public key has been saved in /etc/ssh/ssh_host_ed25519_key.pub.
[   21.145755] cloud-init[944]: The key fingerprint is:
[   21.146395] cloud-init[944]: SHA256:rMBzWQRuI+gs08Xc8XXo3Dg+h7uiXSHecUBBDNlYIMg root@ubuntu-xenial
[   21.147103] cloud-init[944]: The key's randomart image is:
[   21.147745] cloud-init[944]: +--[ED25519 256]--+
[   21.149075] cloud-init[944]: |   . .+.+X*o.    |
[   21.149715] cloud-init[944]: |   +Eo =oo+.     |
[   21.150418] cloud-init[944]: |  . = = oo.o     |
[   21.151067] cloud-init[944]: | + o o =  =..    |
[   21.151726] cloud-init[944]: |o + + o S.oo.    |
[[0;32m  OK  [0m] Reached target Network is Online.
[   21.152511] cloud-init[944]: | o   + o o++.    |
[   21.322387] cloud-init[944]: |      . . o+     |
[   21.322902] cloud-init[944]: |       ....      |
[   21.323831] cloud-init[944]: |      ......     |
         Starting iSCSI initiator daemon (iscsid)...
[[0;32m  OK  [0m[   21.325482] ] cloud-initListening on Socket activation for snappy daemon.[944]: 
+----[SHA256]-----+
[[0;32m  OK  [0m] Listening on LXD - unix socket.
[[0;32m  OK  [0m] Reached target Sockets.
[[0;32m  OK  [0m] Reached target Basic System.
[[0;32m  OK  [0m] Started FUSE filesystem for LXC.
         Starting LXD - container startup/shutdown...
         Starting /etc/rc.local Compatibility...
         Starting LSB: Record successful boot for GRUB...
         Starting Accounts Service...
         Starting Apply the settings specified in cloud-config...
         Starting Pollinate to seed the pseudo random number generator...
[[0;32m  OK  [0m] Started ACPI event daemon.
[[0;32m  OK  [0m] Started Unattended Upgrades Shutdown.
[[0;32m  OK  [0m] Started D-Bus System Message Bus.
[[0;32m  OK  [0m] Started Regular background program processing daemon.
[   22.449334] cloud-init[1060]: Generating locales (this might take a while)...
         Starting LSB: MD monitoring daemon...
[[0;32m  OK  [0m] Started Deferred execution scheduler.
         Starting System Logging Service...
         Starting Login Service...
[[0;32m  OK  [0m] Started Snappy daemon.
         Starting Auto import assertions from block devices...
[[0;32m  OK  [0m] Started iSCSI initiator daemon (iscsid).
[[0;32m  OK  [0m] Started /etc/rc.local Compatibility.
[[0;32m  OK  [0m] Started Auto import assertions from block devices.
         Starting Login to default iSCSI targets...
[[0;32m  OK  [0m] Started Login Service.
         Starting Authenticate and Authorize Users to Run Privileged Tasks...
[[0;32m  OK  [0m] Started LSB: Record successful boot for GRUB.
[[0;32m  OK  [0m] Started LSB: MD monitoring daemon.
[[0;32m  OK  [0m] Started System Logging Service.
[[0;32m  OK  [0m] Started Login to default iSCSI targets.
[[0;32m  OK  [0m] Reached target Remote File Systems (Pre).
[[0;32m  OK  [0m] Reached target Remote File Systems.
         Starting Permit User Sessions...
         Starting LSB: Set the CPU Frequency Scaling governor to "ondemand"...
         Starting LSB: daemon to balance interrupts for SMP systems...
         Starting LSB: VirtualBox Linux Additions...
         Starting LSB: automatic crash report generation...
[[0;32m  OK  [0m] Started Permit User Sessions.
[[0;32m  OK  [0m] Started Authenticate and Authorize Users to Run Privileged Tasks.
[[0;32m  OK  [0m] Started Accounts Service.
[[0;32m  OK  [0m] Started LSB: Set the CPU Frequency Scaling governor to "ondemand".
         Starting Terminate Plymouth Boot Screen...
         Starting Hold until boot process finishes up...
[[0;32m  OK  [0m] Started Terminate Plymouth Boot Screen.
[[0;32m  OK  [0m] Started Hold until boot process finishes up.
         Starting Set console scheme...
[[0;32m  OK  [0m] Started Serial Getty on ttyS0.
[[0;32m  OK  [0m] Started Getty on tty1.
[[0;32m  OK  [0m] Reached target Login Prompts.
[[0;32m  OK  [0m] Started Set console scheme.
[[0;32m  OK  [0m] Started LSB: daemon to balance interrupts for SMP systems.
[[0;32m  OK  [0m] Started LSB: automatic crash report generation.
[[0;32m  OK  [0m] Started LSB: VirtualBox Linux Additions.
[[0;32m  OK  [0m] Started LXD - container startup/shutdown.
[   25.070890] cloud-init[1060]:   en_US.UTF-8... done
[   25.082782] cloud-init[1060]: Generation complete.
[[0;32m  OK  [0m] Started Pollinate to seed the pseudo random number generator.
         Starting OpenBSD Secure Shell server...
[[0;32m  OK  [0m] Started OpenBSD Secure Shell server.
[[0;32m  OK  [0m] Reached target Multi-User System.
[[0;32m  OK  [0m] Reached target Graphical Interface.
         Starting Update UTMP about System Runlevel Changes...
[[0;32m  OK  [0m] Started Update UTMP about System Runlevel Changes.
         Stopping OpenBSD Secure Shell server...
[[0;32m  OK  [0m] Stopped OpenBSD Secure Shell server.
         Starting OpenBSD Secure Shell server...
[[0;32m  OK  [0m] Started OpenBSD Secure Shell server.
[[0;32m  OK  [0m] Created slice User Slice of ubuntu.
         Starting User Manager for UID 1000...
[[0;32m  OK  [0m] Started Session 1 of user ubuntu.
[[0;32m  OK  [0m] Started User Manager for UID 1000.
[   27.865504] cloud-init[1060]: Cloud-init v. 0.7.9 running 'modules:config' at Fri, 02 Jun 2017 03:59:15 +0000. Up 21.93 seconds.
[[0;32m  OK  [0m] Started Apply the settings specified in cloud-config.
         Starting Execute cloud user/final scripts...
ci-info: no authorized ssh keys fingerprints found for user ubuntu.
<14>Jun  2 03:59:22 ec2: 
<14>Jun  2 03:59:22 ec2: #############################################################
<14>Jun  2 03:59:22 ec2: -----BEGIN SSH HOST KEY FINGERPRINTS-----
<14>Jun  2 03:59:22 ec2: 1024 SHA256:FLLjyWPvVIWJbo1it6GBPo1VgC9lTQcvkpwbkBzfjsk root@ubuntu-xenial (DSA)
<14>Jun  2 03:59:22 ec2: 256 SHA256:leFIwnV850y7oBxj5lmkRIersbYIIrAQl+ogF7l1MIA root@ubuntu-xenial (ECDSA)
<14>Jun  2 03:59:22 ec2: 256 SHA256:rMBzWQRuI+gs08Xc8XXo3Dg+h7uiXSHecUBBDNlYIMg root@ubuntu-xenial (ED25519)
<14>Jun  2 03:59:22 ec2: 2048 SHA256:jXi2PsWHlbtc6kjBvsrBCFN5kjpJmuzTxTFmV8YAIIU root@ubuntu-xenial (RSA)
<14>Jun  2 03:59:22 ec2: -----END SSH HOST KEY FINGERPRINTS-----
<14>Jun  2 03:59:22 ec2: #############################################################
-----BEGIN SSH HOST KEY KEYS-----
ecdsa-sha2-nistp256 AAAAE2VjZHNhLXNoYTItbmlzdHAyNTYAAAAIbmlzdHAyNTYAAABBBOjVpuFce/GIGNB10QSW5mEB/jfZ3lqeddWPZabVLW8AAeDdIWeT+ZrxeuRiLJ43ygss/VvNZjw0df7tU9yxUpQ= root@ubuntu-xenial
ssh-ed25519 AAAAC3NzaC1lZDI1NTE5AAAAIOUfRbfvqtuFjruVEa/rvQTnn0tS/yE8bYKrNDwLCg3W root@ubuntu-xenial
ssh-rsa AAAAB3NzaC1yc2EAAAADAQABAAABAQCs4nj2P8ZLmH7PogPrFhMB5Y0bt0W9iyZWdBsL7oOrTqVePcao9E+evocrcd3oDFExo7ApSJs9KjsafQH6kDIedoCaTRknDLKp9H3fdTtqx2wCoyoMN2QwnQVhsabIa7otae4bqPqPORfNDRHqjgEkU16f2tJc5HIQl0uE3XCNgupOBxTDcBvx/CifCsqIZsJTRkDjOumI9H8uGrK0CzWBOfW+Xt73OrSTUPjgXZU9NVlNoJQ/vqSBFJVsC26mzNxnmeI6OVF8Opl9CuOWP1cNQALDQtnnAP7+kKswx6j4L/AbbsR4o5ab2NkoSMG16bXa6ynvWnKl5qPPRHu25+l1 root@ubuntu-xenial
-----END SSH HOST KEY KEYS-----
[   28.745852] cloud-init[1397]: Cloud-init v. 0.7.9 running 'modules:final' at Fri, 02 Jun 2017 03:59:22 +0000. Up 28.44 seconds.
[   28.746068] cloud-init[1397]: ci-info: no authorized ssh keys fingerprints found for user ubuntu.
[   28.746171] cloud-init[1397]: Cloud-init v. 0.7.9 finished at Fri, 02 Jun 2017 03:59:22 +0000. Datasource DataSourceNoCloud [seed=/dev/sdb][dsmode=net].  Up 28.73 seconds

Ubuntu 16.04.2 LTS ubuntu-xenial ttyS0

ubuntu-xenial login: 