[    0.000000] Initializing cgroup subsys cpuset
[    0.000000] Initializing cgroup subsys cpu
[    0.000000] Initializing cgroup subsys cpuacct
[    0.000000] Linux version 4.4.0-78-generic (buildd@lgw01-11) (gcc version 5.4.0 20160609 (Ubuntu 5.4.0-6ubuntu1~16.04.4) ) #99-Ubuntu SMP Thu Apr 27 15:29:09 UTC 2017 (Ubuntu 4.4.0-78.99-generic 4.4.62)
[    0.000000] Command line: BOOT_IMAGE=/boot/vmlinuz-4.4.0-78-generic root=LABEL=cloudimg-rootfs ro console=tty1 console=ttyS0
[    0.000000] KERNEL supported cpus:
[    0.000000]   Intel GenuineIntel
[    0.000000]   AMD AuthenticAMD
[    0.000000]   Centaur CentaurHauls
[    0.000000] ------------[ cut here ]------------
[    0.000000] WARNING: CPU: 0 PID: 0 at /build/linux-0XAgc4/linux-4.4.0/arch/x86/kernel/fpu/xstate.c:517 fpu__init_system_xstate+0x38b/0x75a()
[    0.000000] XSAVE consistency problem, dumping leaves
[    0.000000] Modules linked in:
[    0.000000] CPU: 0 PID: 0 Comm: swapper Not tainted 4.4.0-78-generic #99-Ubuntu
[    0.000000]  0000000000000086 ace926ffbdf0757e ffffffff81e03d80 ffffffff813f8dd3
[    0.000000]  ffffffff81e03dc8 ffffffff81ca9c50 ffffffff81e03db8 ffffffff81081302
[    0.000000]  ffffffff81e03e48 ffffffff81e03e4c 0000000000000008 0000000000000100
[    0.000000] Call Trace:
[    0.000000]  [<ffffffff813f8dd3>] dump_stack+0x63/0x90
[    0.000000]  [<ffffffff81081302>] warn_slowpath_common+0x82/0xc0
[    0.000000]  [<ffffffff8108139c>] warn_slowpath_fmt+0x5c/0x80
[    0.000000]  [<ffffffff8107cfd0>] ? xfeature_size+0x59/0x77
[    0.000000]  [<ffffffff81f6d218>] fpu__init_system_xstate+0x38b/0x75a
[    0.000000]  [<ffffffff81f5d120>] ? early_idt_handler_array+0x120/0x120
[    0.000000]  [<ffffffff81f6cb83>] fpu__init_system+0x10d/0x245
[    0.000000]  [<ffffffff81f6dc8c>] early_cpu_init+0x139/0x13e
[    0.000000]  [<ffffffff81f6dc8c>] ? early_cpu_init+0x139/0x13e
[    0.000000]  [<ffffffff81f69193>] setup_arch+0xb4/0xcf1
[    0.000000]  [<ffffffff81f5d120>] ? early_idt_handler_array+0x120/0x120
[    0.000000]  [<ffffffff81f5dc74>] start_kernel+0xe4/0x4a2
[    0.000000]  [<ffffffff81f5d120>] ? early_idt_handler_array+0x120/0x120
[    0.000000]  [<ffffffff81f5d339>] x86_64_start_reservations+0x2a/0x2c
[    0.000000]  [<ffffffff81f5d485>] x86_64_start_kernel+0x14a/0x16d
[    0.000000] ---[ end trace 4d5ff9f2f68c4233 ]---
[    0.000000] CPUID[0d, 00]: eax=00000007 ebx=00000440 ecx=00000440 edx=00000000
[    0.000000] CPUID[0d, 01]: eax=00000000 ebx=000003c0 ecx=00000000 edx=00000000
[    0.000000] CPUID[0d, 02]: eax=00000100 ebx=00000240 ecx=00000000 edx=00000000
[    0.000000] CPUID[0d, 03]: eax=00000000 ebx=00000000 ecx=00000000 edx=00000000
[    0.000000] CPUID[0d, 04]: eax=00000000 ebx=00000000 ecx=00000000 edx=00000000
[    0.000000] CPUID[0d, 05]: eax=00000000 ebx=00000000 ecx=00000000 edx=00000000
[    0.000000] CPUID[0d, 06]: eax=00000000 ebx=00000000 ecx=00000000 edx=00000000
[    0.000000] CPUID[0d, 07]: eax=00000000 ebx=00000000 ecx=00000000 edx=00000000
[    0.000000] CPUID[0d, 08]: eax=00000000 ebx=00000000 ecx=00000000 edx=00000000
[    0.000000] CPUID[0d, 09]: eax=00000000 ebx=00000000 ecx=00000000 edx=00000000
[    0.000000] CPUID[0d, 0a]: eax=00000000 ebx=00000000 ecx=00000000 edx=00000000
[    0.000000] CPUID[0d, 0b]: eax=00000000 ebx=00000000 ecx=00000000 edx=00000000
[    0.000000] CPUID[0d, 0c]: eax=00000000 ebx=00000000 ecx=00000000 edx=00000000
[    0.000000] CPUID[0d, 0d]: eax=00000000 ebx=00000000 ecx=00000000 edx=00000000
[    0.000000] CPUID[0d, 0e]: eax=00000000 ebx=00000000 ecx=00000000 edx=00000000
[    0.000000] CPUID[0d, 0f]: eax=00000000 ebx=00000000 ecx=00000000 edx=00000000
[    0.000000] CPUID[0d, 10]: eax=00000000 ebx=00000000 ecx=00000000 edx=00000000
[    0.000000] CPUID[0d, 11]: eax=00000000 ebx=00000000 ecx=00000000 edx=00000000
[    0.000000] x86/fpu: xstate_offset[2]:  576, xstate_sizes[2]:  256
[    0.000000] x86/fpu: Supporting XSAVE feature 0x01: 'x87 floating point registers'
[    0.000000] x86/fpu: Supporting XSAVE feature 0x02: 'SSE registers'
[    0.000000] x86/fpu: Supporting XSAVE feature 0x04: 'AVX registers'
[    0.000000] x86/fpu: Enabled xstate features 0x7, context size is 1088 bytes, using 'standard' format.
[    0.000000] x86/fpu: Using 'lazy' FPU context switches.
[    0.000000] e820: BIOS-provided physical RAM map:
[    0.000000] BIOS-e820: [mem 0x0000000000000000-0x000000000009fbff] usable
[    0.000000] BIOS-e820: [mem 0x000000000009fc00-0x000000000009ffff] reserved
[    0.000000] BIOS-e820: [mem 0x00000000000f0000-0x00000000000fffff] reserved
[    0.000000] BIOS-e820: [mem 0x0000000000100000-0x000000003ffeffff] usable
[    0.000000] BIOS-e820: [mem 0x000000003fff0000-0x000000003fffffff] ACPI data
[    0.000000] BIOS-e820: [mem 0x00000000fec00000-0x00000000fec00fff] reserved
[    0.000000] BIOS-e820: [mem 0x00000000fee00000-0x00000000fee00fff] reserved
[    0.000000] BIOS-e820: [mem 0x00000000fffc0000-0x00000000ffffffff] reserved
[    0.000000] NX (Execute Disable) protection: active
[    0.000000] SMBIOS 2.5 present.
[    0.000000] Hypervisor detected: KVM
[    0.000000] e820: last_pfn = 0x3fff0 max_arch_pfn = 0x400000000
[    0.000000] MTRR: Disabled
[    0.000000] x86/PAT: MTRRs disabled, skipping PAT initialization too.
[    0.000000] x86/PAT: Configuration [0-7]: WB  WT  UC- UC  WB  WT  UC- UC  
[    0.000000] CPU MTRRs all blank - virtualized system.
[    0.000000] found SMP MP-table at [mem 0x0009fff0-0x0009ffff] mapped at [ffff88000009fff0]
[    0.000000] Scanning 1 areas for low memory corruption
[    0.000000] RAMDISK: [mem 0x36ac2000-0x37558fff]
[    0.000000] ACPI: Early table checksum verification disabled
[    0.000000] ACPI: RSDP 0x00000000000E0000 000024 (v02 VBOX  )
[    0.000000] ACPI: XSDT 0x000000003FFF0030 00003C (v01 VBOX   VBOXXSDT 00000001 ASL  00000061)
[    0.000000] ACPI: FACP 0x000000003FFF00F0 0000F4 (v04 VBOX   VBOXFACP 00000001 ASL  00000061)
[    0.000000] ACPI: DSDT 0x000000003FFF0470 0021C8 (v02 VBOX   VBOXBIOS 00000002 INTL 20170224)
[    0.000000] ACPI: FACS 0x000000003FFF0200 000040
[    0.000000] ACPI: FACS 0x000000003FFF0200 000040
[    0.000000] ACPI: APIC 0x000000003FFF0240 00005C (v02 VBOX   VBOXAPIC 00000001 ASL  00000061)
[    0.000000] ACPI: SSDT 0x000000003FFF02A0 0001CC (v01 VBOX   VBOXCPUT 00000002 INTL 20170224)
[    0.000000] No NUMA configuration found
[    0.000000] Faking a node at [mem 0x0000000000000000-0x000000003ffeffff]
[    0.000000] NODE_DATA(0) allocated [mem 0x3ffeb000-0x3ffeffff]
[    0.000000] kvm-clock: Using msrs 4b564d01 and 4b564d00
[    0.000000] kvm-clock: cpu 0, msr 0:3ffe3001, primary cpu clock
[    0.000000] kvm-clock: using sched offset of 3367666733 cycles
[    0.000000] clocksource: kvm-clock: mask: 0xffffffffffffffff max_cycles: 0x1cd42e4dffb, max_idle_ns: 881590591483 ns
[    0.000000] Zone ranges:
[    0.000000]   DMA      [mem 0x0000000000001000-0x0000000000ffffff]
[    0.000000]   DMA32    [mem 0x0000000001000000-0x000000003ffeffff]
[    0.000000]   Normal   empty
[    0.000000]   Device   empty
[    0.000000] Movable zone start for each node
[    0.000000] Early memory node ranges
[    0.000000]   node   0: [mem 0x0000000000001000-0x000000000009efff]
[    0.000000]   node   0: [mem 0x0000000000100000-0x000000003ffeffff]
[    0.000000] Initmem setup node 0 [mem 0x0000000000001000-0x000000003ffeffff]
[    0.000000] ACPI: PM-Timer IO Port: 0x4008
[    0.000000] IOAPIC[0]: apic_id 2, version 32, address 0xfec00000, GSI 0-23
[    0.000000] ACPI: INT_SRC_OVR (bus 0 bus_irq 0 global_irq 2 dfl dfl)
[    0.000000] ACPI: INT_SRC_OVR (bus 0 bus_irq 9 global_irq 9 high level)
[    0.000000] Using ACPI (MADT) for SMP configuration information
[    0.000000] smpboot: Allowing 2 CPUs, 0 hotplug CPUs
[    0.000000] PM: Registered nosave memory: [mem 0x00000000-0x00000fff]
[    0.000000] PM: Registered nosave memory: [mem 0x0009f000-0x0009ffff]
[    0.000000] PM: Registered nosave memory: [mem 0x000a0000-0x000effff]
[    0.000000] PM: Registered nosave memory: [mem 0x000f0000-0x000fffff]
[    0.000000] e820: [mem 0x40000000-0xfebfffff] available for PCI devices
[    0.000000] Booting paravirtualized kernel on KVM
[    0.000000] clocksource: refined-jiffies: mask: 0xffffffff max_cycles: 0xffffffff, max_idle_ns: 7645519600211568 ns
[    0.000000] setup_percpu: NR_CPUS:512 nr_cpumask_bits:512 nr_cpu_ids:2 nr_node_ids:1
[    0.000000] PERCPU: Embedded 33 pages/cpu @ffff88003fc00000 s98264 r8192 d28712 u1048576
[    0.000000] PV qspinlock hash table entries: 256 (order: 0, 4096 bytes)
[    0.000000] Built 1 zonelists in Node order, mobility grouping on.  Total pages: 257913
[    0.000000] Policy zone: DMA32
[    0.000000] Kernel command line: BOOT_IMAGE=/boot/vmlinuz-4.4.0-78-generic root=LABEL=cloudimg-rootfs ro console=tty1 console=ttyS0
[    0.000000] PID hash table entries: 4096 (order: 3, 32768 bytes)
[    0.000000] Memory: 1001736K/1048120K available (8469K kernel code, 1294K rwdata, 3984K rodata, 1484K init, 1316K bss, 46384K reserved, 0K cma-reserved)
[    0.000000] SLUB: HWalign=64, Order=0-3, MinObjects=0, CPUs=2, Nodes=1
[    0.000000] Hierarchical RCU implementation.
[    0.000000] 	Build-time adjustment of leaf fanout to 64.
[    0.000000] 	RCU restricting CPUs from NR_CPUS=512 to nr_cpu_ids=2.
[    0.000000] RCU: Adjusting geometry for rcu_fanout_leaf=64, nr_cpu_ids=2
[    0.000000] NR_IRQS:33024 nr_irqs:440 16
[    0.000000] Console: colour VGA+ 80x25
[    0.000000] console [tty1] enabled
[    0.000000] console [ttyS0] enabled
[    0.000000] tsc: Detected 2399.998 MHz processor
[    1.036982] Calibrating delay loop (skipped) preset value.. 4799.99 BogoMIPS (lpj=9599992)
[    1.038648] pid_max: default: 32768 minimum: 301
[    1.039546] ACPI: Core revision 20150930
[    1.041420] ACPI: 2 ACPI AML tables successfully acquired and loaded
[    1.042666] Security Framework initialized
[    1.043581] Yama: becoming mindful.
[    1.044360] AppArmor: AppArmor initialized
[    1.047557] Dentry cache hash table entries: 131072 (order: 8, 1048576 bytes)
[    1.048968] Inode-cache hash table entries: 65536 (order: 7, 524288 bytes)
[    1.050653] Mount-cache hash table entries: 2048 (order: 2, 16384 bytes)
[    1.053185] Mountpoint-cache hash table entries: 2048 (order: 2, 16384 bytes)
[    1.054617] Initializing cgroup subsys io
[    1.055431] Initializing cgroup subsys memory
[    1.056307] Initializing cgroup subsys devices
[    1.063711] Initializing cgroup subsys freezer
[    1.100733] Initializing cgroup subsys net_cls
[    1.123866] Initializing cgroup subsys perf_event
[    1.124702] Initializing cgroup subsys net_prio
[    1.135517] Initializing cgroup subsys hugetlb
[    1.136349] Initializing cgroup subsys pids
[    1.137320] CPU: Physical Processor ID: 0
[    1.138138] CPU: Processor Core ID: 0
[    1.140161] mce: CPU supports 0 MCE banks
[    1.140990] Last level iTLB entries: 4KB 64, 2MB 8, 4MB 8
[    1.141999] Last level dTLB entries: 4KB 64, 2MB 0, 4MB 0, 1GB 4
[    1.145171] Freeing SMP alternatives memory: 32K (ffffffff820b8000 - ffffffff820c0000)
[    1.168057] ftrace: allocating 32120 entries in 126 pages
[    1.217566] smpboot: APIC(0) Converting physical 0 to logical package 0
[    1.220940] smpboot: Max logical packages: 1
[    1.223125] x2apic enabled
[    1.224041] Switched APIC routing to physical x2apic.
[    1.253367] ..TIMER: vector=0x30 apic1=0 pin1=2 apic2=-1 pin2=-1
[    1.363931] smpboot: CPU0: Intel(R) Core(TM) i5-6200U CPU @ 2.30GHz (family: 0x6, model: 0x4e, stepping: 0x3)
[    1.469843] Performance Events: unsupported p6 CPU model 78 no PMU driver, software events only.
[    1.471473] KVM setup paravirtual spinlock
[    1.472930] x86: Booting SMP configuration:
[    1.502804] .... node  #0, CPUs:      #1
[    1.529892] kvm-clock: cpu 1, msr 0:3ffe3041, secondary cpu clock
[    1.533477] mce: CPU supports 0 MCE banks
[    1.535890] x86: Booted up 1 node, 2 CPUs
[    1.536972] smpboot: Total of 2 processors activated (9599.99 BogoMIPS)
[    1.538479] devtmpfs: initialized
[    1.548798] evm: security.selinux
[    1.549616] evm: security.SMACK64
[    1.550304] evm: security.SMACK64EXEC
[    1.552166] evm: security.SMACK64TRANSMUTE
[    1.552996] evm: security.SMACK64MMAP
[    1.553757] evm: security.ima
[    1.554401] evm: security.capability
[    1.555428] clocksource: jiffies: mask: 0xffffffff max_cycles: 0xffffffff, max_idle_ns: 7645041785100000 ns
[    1.557304] futex hash table entries: 512 (order: 3, 32768 bytes)
[    1.558576] pinctrl core: initialized pinctrl subsystem
[    1.559766] RTC time: 17:20:14, date: 06/11/17
[    1.561337] NET: Registered protocol family 16
[    1.576148] cpuidle: using governor ladder
[    1.596308] cpuidle: using governor menu
[    1.605402] PCCT header not found.
[    1.606381] ACPI: bus type PCI registered
[    1.612709] acpiphp: ACPI Hot Plug PCI Controller Driver version: 0.5
[    1.614215] PCI: Using configuration type 1 for base access
[    1.629145] ACPI: Added _OSI(Module Device)
[    1.635480] ACPI: Added _OSI(Processor Device)
[    1.641792] ACPI: Added _OSI(3.0 _SCP Extensions)
[    1.642890] ACPI: Added _OSI(Processor Aggregator Device)
[    1.652139] ACPI: Executed 1 blocks of module-level executable AML code
[    1.656526] ACPI: Interpreter enabled
[    1.695738] ACPI: (supports S0 S5)
[    1.746934] ACPI: Using IOAPIC for interrupt routing
[    1.748032] PCI: Using host bridge windows from ACPI; if necessary, use "pci=nocrs" and report a bug
[    1.781993] ACPI: PCI Root Bridge [PCI0] (domain 0000 [bus 00-ff])
[    1.813375] acpi PNP0A03:00: _OSC: OS supports [ASPM ClockPM Segments MSI]
[    1.814561] acpi PNP0A03:00: _OSC failed (AE_NOT_FOUND); disabling ASPM
[    1.815689] acpi PNP0A03:00: fail to add MMCONFIG information, can't access extended PCI configuration space under this bridge.
[    1.827343] PCI host bridge to bus 0000:00
[    1.828108] pci_bus 0000:00: root bus resource [io  0x0000-0x0cf7 window]
[    1.829219] pci_bus 0000:00: root bus resource [io  0x0d00-0xffff window]
[    1.833499] pci_bus 0000:00: root bus resource [mem 0x000a0000-0x000bffff window]
[    1.834974] pci_bus 0000:00: root bus resource [mem 0x40000000-0xffdfffff window]
[    1.836443] pci_bus 0000:00: root bus resource [bus 00-ff]
[    1.838845] pci 0000:00:01.1: legacy IDE quirk: reg 0x10: [io  0x01f0-0x01f7]
[    1.842215] pci 0000:00:01.1: legacy IDE quirk: reg 0x14: [io  0x03f6]
[    1.843336] pci 0000:00:01.1: legacy IDE quirk: reg 0x18: [io  0x0170-0x0177]
[    1.844615] pci 0000:00:01.1: legacy IDE quirk: reg 0x1c: [io  0x0376]
[    1.868497] pci 0000:00:07.0: quirk: [io  0x4000-0x403f] claimed by PIIX4 ACPI
[    1.880652] pci 0000:00:07.0: quirk: [io  0x4100-0x410f] claimed by PIIX4 SMB
[    1.895088] ACPI: PCI Interrupt Link [LNKA] (IRQs 5 9 10 *11)
[    1.901880] ACPI: PCI Interrupt Link [LNKB] (IRQs 5 9 10 *11)
[    1.912433] ACPI: PCI Interrupt Link [LNKC] (IRQs 5 9 *10 11)
[    1.973627] ACPI: PCI Interrupt Link [LNKD] (IRQs 5 *9 10 11)
[    2.018921] ACPI: Enabled 2 GPEs in block 00 to 07
[    2.020206] vgaarb: setting as boot device: PCI:0000:00:02.0
[    2.021142] vgaarb: device added: PCI:0000:00:02.0,decodes=io+mem,owns=io+mem,locks=none
[    2.022543] vgaarb: loaded
[    2.023116] vgaarb: bridge control possible 0000:00:02.0
[    2.027745] SCSI subsystem initialized
[    2.065567] ACPI: bus type USB registered
[    2.112352] usbcore: registered new interface driver usbfs
[    2.116962] usbcore: registered new interface driver hub
[    2.117928] usbcore: registered new device driver usb
[    2.119243] PCI: Using ACPI for IRQ routing
[    2.120423] NetLabel: Initializing
[    2.121181] NetLabel:  domain hash size = 128
[    2.121990] NetLabel:  protocols = UNLABELED CIPSOv4
[    2.122936] NetLabel:  unlabeled traffic allowed by default
[    2.150556] amd_nb: Cannot enumerate AMD northbridges
[    2.151530] clocksource: Switched to clocksource kvm-clock
[    2.160350] AppArmor: AppArmor Filesystem Enabled
[    2.216909] pnp: PnP ACPI init
[    2.218252] pnp: PnP ACPI: found 3 devices
[    2.227625] clocksource: acpi_pm: mask: 0xffffff max_cycles: 0xffffff, max_idle_ns: 2085701024 ns
[    2.300221] NET: Registered protocol family 2
[    2.301225] TCP established hash table entries: 8192 (order: 4, 65536 bytes)
[    2.302322] TCP bind hash table entries: 8192 (order: 5, 131072 bytes)
[    2.303369] TCP: Hash tables configured (established 8192 bind 8192)
[    2.304550] UDP hash table entries: 512 (order: 2, 16384 bytes)
[    2.305503] UDP-Lite hash table entries: 512 (order: 2, 16384 bytes)
[    2.306548] NET: Registered protocol family 1
[    2.308486] pci 0000:00:00.0: Limiting direct PCI/PCI transfers
[    2.309558] pci 0000:00:01.0: Activating ISA DMA hang workarounds
[    2.418788] Unpacking initramfs...
[    4.354882] Freeing initrd memory: 10844K (ffff880036ac2000 - ffff880037559000)
[    4.361960] platform rtc_cmos: registered platform RTC device (no PNP device found)
[    4.363474] Scanning for low memory corruption every 60 seconds
[    4.365264] audit: initializing netlink subsys (disabled)
[    4.366239] audit: type=2000 audit(1497201621.196:1): initialized
[    4.398579] Initialise system trusted keyring
[    4.400763] HugeTLB registered 2 MB page size, pre-allocated 0 pages
[    4.403382] zbud: loaded
[    4.404378] VFS: Disk quotas dquot_6.6.0
[    4.405263] VFS: Dquot-cache hash table entries: 512 (order 0, 4096 bytes)
[    4.406741] squashfs: version 4.0 (2009/01/31) Phillip Lougher
[    4.408321] fuse init (API version 7.23)
[    4.413798] Key type big_key registered
[    4.418590] Allocating IMA MOK and blacklist keyrings.
[    4.420716] Key type asymmetric registered
[    4.421558] Asymmetric key parser 'x509' registered
[    4.422526] Block layer SCSI generic (bsg) driver version 0.4 loaded (major 249)
[    4.424158] io scheduler noop registered
[    4.433291] io scheduler deadline registered (default)
[    4.434371] io scheduler cfq registered
[    4.440657] pci_hotplug: PCI Hot Plug PCI Core version: 0.5
[    4.441703] pciehp: PCI Express Hot Plug Controller Driver version: 0.4
[    4.443010] ACPI: AC Adapter [AC] (on-line)
[    4.443959] input: Power Button as /devices/LNXSYSTM:00/LNXPWRBN:00/input/input0
[    4.445452] ACPI: Power Button [PWRF]
[    4.446231] input: Sleep Button as /devices/LNXSYSTM:00/LNXSLPBN:00/input/input1
[    4.463333] ACPI: Sleep Button [SLPF]
[    4.464401] GHES: HEST is not enabled!
[    4.464979] ACPI: Battery Slot [BAT0] (battery present)
[    4.500268] Serial: 8250/16550 driver, 32 ports, IRQ sharing enabled
[    4.539914] 00:02: ttyS0 at I/O 0x3f8 (irq = 4, base_baud = 115200) is a 16550A
[    4.576360] Linux agpgart interface v0.103
[    4.580166] loop: module loaded
[    4.593353] scsi host0: ata_piix
[    4.594128] scsi host1: ata_piix
[    4.594824] ata1: PATA max UDMA/33 cmd 0x1f0 ctl 0x3f6 bmdma 0xd000 irq 14
[    4.595903] ata2: PATA max UDMA/33 cmd 0x170 ctl 0x376 bmdma 0xd008 irq 15
[    4.597100] libphy: Fixed MDIO Bus: probed
[    4.605503] tun: Universal TUN/TAP device driver, 1.6
[    4.624291] tun: (C) 1999-2004 Max Krasnyansky <maxk@qualcomm.com>
[    4.627784] PPP generic driver version 2.4.2
[    4.628857] ehci_hcd: USB 2.0 'Enhanced' Host Controller (EHCI) Driver
[    4.629965] ehci-pci: EHCI PCI platform driver
[    4.630889] ehci-platform: EHCI generic platform driver
[    4.632045] ohci_hcd: USB 1.1 'Open' Host Controller (OHCI) Driver
[    4.633194] ohci-pci: OHCI PCI platform driver
[    4.634089] ohci-platform: OHCI generic platform driver
[    4.635063] uhci_hcd: USB Universal Host Controller Interface driver
[    4.652115] i8042: PNP: PS/2 Controller [PNP0303:PS2K,PNP0f03:PS2M] at 0x60,0x64 irq 1,12
[    4.680082] serio: i8042 KBD port at 0x60,0x64 irq 1
[    4.681047] serio: i8042 AUX port at 0x60,0x64 irq 12
[    4.682374] mousedev: PS/2 mouse device common for all mice
[    4.683868] input: AT Translated Set 2 keyboard as /devices/platform/i8042/serio0/input/input2
[    4.686052] rtc_cmos rtc_cmos: rtc core: registered rtc_cmos as rtc0
[    4.693324] rtc_cmos rtc_cmos: alarms up to one day, 114 bytes nvram
[    4.696482] i2c /dev entries driver
[    4.698871] device-mapper: uevent: version 1.0.3
[    4.699955] device-mapper: ioctl: 4.34.0-ioctl (2015-10-28) initialised: dm-devel@redhat.com
[    4.701596] ledtrig-cpu: registered to indicate activity on CPUs
[    4.703234] NET: Registered protocol family 10
[    4.704283] NET: Registered protocol family 17
[    4.705098] Key type dns_resolver registered
[    4.706032] microcode: CPU0 sig=0x406e3, pf=0x2, revision=0x0
[    4.706997] microcode: CPU1 sig=0x406e3, pf=0x2, revision=0x0
[    4.708351] microcode: Microcode Update Driver: v2.01 <tigran@aivazian.fsnet.co.uk>, Peter Oruba
[    4.723877] registered taskstats version 1
[    4.724779] Loading compiled-in X.509 certificates
[    4.726288] Loaded X.509 cert 'Build time autogenerated kernel key: 779fd75203f0d36b99b83c7328fac831ec7adf9e'
[    4.787844] zswap: loaded using pool lzo/zbud
[    4.829171] Key type trusted registered
[    4.843682] Key type encrypted registered
[    4.849855] AppArmor: AppArmor sha1 policy hashing enabled
[    4.850833] ima: No TPM chip found, activating TPM-bypass!
[    4.851919] evm: HMAC attrs: 0x1
[    4.853024]   Magic number: 5:899:339
[    4.855027] rtc_cmos rtc_cmos: setting system clock to 2017-06-11 17:20:18 UTC (1497201618)
[    4.856898] BIOS EDD facility v0.16 2004-Jun-25, 0 devices found
[    4.858014] EDD information not available.
[    4.860157] Freeing unused kernel memory: 1484K (ffffffff81f45000 - ffffffff820b8000)
[    4.867479] Write protecting the kernel read-only data: 14336k
[    4.870811] Freeing unused kernel memory: 1760K (ffff880001848000 - ffff880001a00000)
[    4.873830] Freeing unused kernel memory: 112K (ffff880001de4000 - ffff880001e00000)
Loading, please wait...
starting version[    4.887551] random: systemd-udevd: uninitialized urandom read (16 bytes read, 3 bits of entropy available)
 229
[    4.888255] random: udevadm: uninitialized urandom read (16 bytes read, 3 bits of entropy available)
[    4.888289] random: udevadm: uninitialized urandom read (16 bytes read, 3 bits of entropy available)
[    4.888396] random: udevadm: uninitialized urandom read (16 bytes read, 3 bits of entropy available)
[    4.888435] random: udevadm: uninitialized urandom read (16 bytes read, 3 bits of entropy available)
[    4.888472] random: udevadm: uninitialized urandom read (16 bytes read, 3 bits of entropy available)
[    4.888511] random: udevadm: uninitialized urandom read (16 bytes read, 3 bits of entropy available)
[    4.888553] random: udevadm: uninitialized urandom read (16 bytes read, 3 bits of entropy available)
[    4.888589] random: udevadm: uninitialized urandom read (16 bytes read, 3 bits of entropy available)
[    4.888624] random: udevadm: uninitialized urandom read (16 bytes read, 3 bits of entropy available)
[    5.011544] e1000: Intel(R) PRO/1000 Network Driver - version 7.3.21-k8-NAPI
[    5.044037] e1000: Copyright (c) 1999-2006 Intel Corporation.
[    5.051778] Fusion MPT base driver 3.04.20
[    5.061267] Copyright (c) 1999-2008 LSI Corporation
[    5.066195] Fusion MPT SPI Host driver 3.04.20
[    5.084361] AVX version of gcm_enc/dec engaged.
[    5.090438] AES CTR mode by8 optimization enabled
[    5.302383] input: ImExPS/2 Generic Explorer Mouse as /devices/platform/i8042/serio1/input/input4
[    5.359856] tsc: Refined TSC clocksource calibration: 2400.640 MHz
[    5.371870] clocksource: tsc: mask: 0xffffffffffffffff max_cycles: 0x229a94288b5, max_idle_ns: 440795295340 ns
[    5.413189] e1000 0000:00:03.0 eth0: (PCI:33MHz:32-bit) 02:07:98:91:28:34
[    5.417649] e1000 0000:00:03.0 eth0: Intel(R) PRO/1000 Network Connection
[    5.759633] e1000 0000:00:08.0 eth1: (PCI:33MHz:32-bit) 08:00:27:7e:c1:cd
[    5.787630] e1000 0000:00:08.0 eth1: Intel(R) PRO/1000 Network Connection
[    5.789591] mptbase: ioc0: Initiating bringup
[    5.789896] e1000 0000:00:08.0 enp0s8: renamed from eth1
[    5.808045] e1000 0000:00:03.0 enp0s3: renamed from eth0
[    5.860009] ioc0: LSI53C1030 A0: Capabilities={Initiator}
[    6.026872] scsi host2: ioc0: LSI53C1030 A0, FwRev=00000000h, Ports=1, MaxQ=256, IRQ=20
[    6.172569] scsi 2:0:0:0: Direct-Access     VBOX     HARDDISK         1.0  PQ: 0 ANSI: 5
[    6.321221] scsi target2:0:0: Beginning Domain Validation
[    6.419450] scsi target2:0:0: Domain Validation skipping write tests
[    6.420450] scsi target2:0:0: Ending Domain Validation
[    6.421363] scsi target2:0:0: asynchronous
[    6.422473] scsi 2:0:1:0: Direct-Access     VBOX     HARDDISK         1.0  PQ: 0 ANSI: 5
[    6.423865] scsi target2:0:1: Beginning Domain Validation
[    6.425964] scsi target2:0:1: Domain Validation skipping write tests
[    6.430182] scsi target2:0:1: Ending Domain Validation
[    6.447489] scsi target2:0:1: asynchronous
[    6.461526] sd 2:0:0:0: Attached scsi generic sg0 type 0
[    6.527210] sd 2:0:0:0: [sda] 20971520 512-byte logical blocks: (10.7 GB/10.0 GiB)
[    6.528796] sd 2:0:0:0: [sda] Write Protect is off
[    6.535537] sd 2:0:1:0: [sdb] 20480 512-byte logical blocks: (10.5 MB/10.0 MiB)
[    6.535593] sd 2:0:1:0: Attached scsi generic sg1 type 0
[    6.549354] sd 2:0:0:0: [sda] Incomplete mode parameter data
[    6.549355] sd 2:0:0:0: [sda] Assuming drive cache: write through
[    6.554566] sd 2:0:1:0: [sdb] Write Protect is off
[    6.556870] sd 2:0:1:0: [sdb] Incomplete mode parameter data
[    6.557897] sd 2:0:1:0: [sdb] Assuming drive cache: write through
[    6.588459]  sda: sda1
[    6.615925] sd 2:0:0:0: [sda] Attached SCSI disk
[    6.633406] sd 2:0:1:0: [sdb] Attached SCSI disk
[    8.132016] floppy0: no floppy controllers found
Begin: Loading e[    9.534106] md: linear personality registered for level -1
ssential drivers ... [    9.588654] md: multipath personality registered for level -4
[    9.614753] md: raid0 personality registered for level 0
[    9.624378] md: raid1 personality registered for level 1
[    9.739639] raid6: sse2x1   gen()  7133 MB/s
[    9.831591] raid6: sse2x1   xor()  4551 MB/s
[    9.903558] raid6: sse2x2   gen()  8905 MB/s
[    9.971589] raid6: sse2x2   xor()  6113 MB/s
[   10.043551] raid6: sse2x4   gen() 10000 MB/s
[   10.211597] raid6: sse2x4   xor()  7122 MB/s
[   10.222986] raid6: using algorithm sse2x4 gen() 10000 MB/s
[   10.224048] raid6: .... xor() 7122 MB/s, rmw enabled
[   10.225026] raid6: using ssse3x2 recovery algorithm
[   10.227359] xor: automatically using best checksumming function:
[   10.319741]    avx       : 40618.000 MB/sec
[   10.358796] async_tx: api initialized (async)
[   10.419786] md: raid6 personality registered for level 6
[   10.449006] md: raid5 personality registered for level 5
[   10.449897] md: raid4 personality registered for level 4
[   10.457857] md: raid10 personality registered for level 10
done.
Begin: Running /scripts/init-premount ... done.
Begin: Mounting root file system ... Begin: Running /scripts/local-top ... done.
Begin: Running /[   10.586953] Btrfs loaded
scripts/local-premount ... Scanning for Btrfs filesystems
done.
Warning: fsck not present, so skipping root file system
[   10.726824] EXT4-fs (sda1): mounted filesystem with ordered data mode. Opts: (null)
done.
Begin: Running /scripts/local-bottom ... done.
Begin: Running /scripts/init-bottom ... done.
[   11.444712] systemd[1]: systemd 229 running in system mode. (+PAM +AUDIT +SELINUX +IMA +APPARMOR +SMACK +SYSVINIT +UTMP +LIBCRYPTSETUP +GCRYPT +GNUTLS +ACL +XZ -LZ4 +SECCOMP +BLKID +ELFUTILS +KMOD -IDN)
[   11.519028] systemd[1]: Detected virtualization oracle.
[   11.521161] systemd[1]: Detected architecture x86-64.

Welcome to [1mUbuntu 16.04.2 LTS[0m!

[   11.557697] systemd[1]: Set hostname to <ubuntu>.
[   11.648698] systemd[1]: Initializing machine ID from random generator.
[   11.937977] systemd[1]: Installed transient /etc/machine-id file.
[   12.002707] random: nonblocking pool is initialized
[   13.020565] systemd[1]: Listening on Journal Socket.
[[0;32m  OK  [0m] Listening on Journal Socket.
[   13.048261] systemd[1]: Created slice System Slice.
[[0;32m  OK  [0m] Created slice System Slice.
[   13.079663] systemd[1]: Mounting Debug File System...
         Mounting Debug File System...
[   13.127864] systemd[1]: Listening on udev Kernel Socket.
[[0;32m  OK  [0m] Listening on udev Kernel Socket.
[   13.171882] systemd[1]: Starting Remount Root and Kernel File Systems...
[   13.176914] EXT4-fs (sda1): re-mounted. Opts: (null)
         Starting Remount Root and Kernel File Systems...
[   13.186549] systemd[1]: Listening on udev Control Socket.
[[0;32m  OK  [0m] Listening on udev Control Socket.
[   13.308356] systemd[1]: Started Forward Password Requests to Wall Directory Watch.
[[0;32m  OK  [0m] Started Forward Password Requests to Wall Directory Watch.
[   13.310893] systemd[1]: Listening on Device-mapper event daemon FIFOs.
[[0;32m  OK  [0m] Listening on Device-mapper event daemon FIFOs.
[   13.313808] systemd[1]: Reached target Swap.
[[0;32m  OK  [0m] Reached target Swap.
[   13.315391] systemd[1]: Listening on Syslog Socket.
[[0;32m  OK  [0m] Listening on Syslog Socket.
[   13.317275] systemd[1]: Set up automount Arbitrary Executable File Formats File System Automount Point.
[[0;32m  OK  [0m] Set up automount Arbitrary Executab...ats File System Automount Point.
[   13.329572] systemd[1]: Listening on Journal Socket (/dev/log).
[[0;32m  OK  [0m] Listening on Journal Socket (/dev/log).
[   13.429595] systemd[1]: Listening on LVM2 poll daemon socket.
[[0;32m  OK  [0m] Listening on LVM2 poll daemon socket.
[   13.447713] systemd[1]: Mounting POSIX Message Queue File System...
         Mounting POSIX Message Queue File System...
[   13.460139] systemd[1]: Starting Nameserver information manager...
         Starting Nameserver information manager...
[   13.469326] systemd[1]: Listening on LVM2 metadata daemon socket.
[[0;32m  OK  [0m] Listening on LVM2 metadata daemon socket.
[   13.483733] systemd[1]: Starting Monitoring of LVM2 mirrors, snapshots etc. using dmeventd or progress polling...
         Starting Monitoring of LVM2 mirrors... dmeventd or progress polling...
[   13.501822] systemd[1]: Reached target User and Group Name Lookups.
[[0;32m  OK  [0m] Reached target User and Group Name Lookups.
[   13.515997] systemd[1]: Starting Load Kernel Modules...
         Starting Load Kernel Modules...
[   13.529461] systemd[1]: Listening on /dev/initctl Compatibility Named Pipe.
[[0;32m  OK  [0m] Listening on /dev/initctl Compatibility Named Pipe.
[   13.533454] systemd[1]: Starting Create list of required static device nodes for the current kernel...
         Starting Create list of required st... nodes for the current kernel...
[   13.547635] systemd[1]: Reached target Encrypted Volumes.
[[0;32m  OK  [0m] Reached target Encrypted Volumes.
[   13.558810] systemd[1]: Starting Set console keymap...
         Starting Set console keymap...
[   13.562227] systemd[1]: Mounting Huge Pages File System...
         Mounting Huge Pages File System...
[   13.623906] systemd[1]: Listening on Journal Audit Socket.
[[0;32m  OK  [0m] Listening on Journal Audit Socket.
[   13.626343] systemd[1]: Starting Journal Service...
         Startin[   13.658374] Loading iSCSI transport class v2.0-870.
g Journal Service...
[   13.687867] systemd[1]: Created slice User and Session Slice.
[[0;32m  OK  [0m] Created slice User and Session Slice.
[   13.703261] systemd[1]: Reached target Slices.
[[0;32m  OK  [0m] Reached target Slices.
[   13.706428] systemd[1]: Created slice system-serial\x2dgetty.slice.
[[0;32m  OK  [0m] Created slice system-serial\x2dgetty.slice.
[   13.718467] systemd[1]: Started Trigger resolvconf update for networkd DNS.
[[0;32m  OK  [0m] Started Trigger resolvconf update for networkd DNS.
[   13.752484] systemd[1]: Starting Uncomplicated firewall...
         Starting Uncomplicated firewall...
[   13.781508] systemd[1]: Mounted POSIX Message Queue File System.
[[0;32m  OK  [0m] Mounted POSI[   13.828324] iscsi: registered transport (tcp)
X Message Queue File System.
[   13.919003] systemd[1]: Mounted Debug File System.
[[0;32m  OK  [0m] Mounted Debug File System.
[   13.947828] systemd[1]: Mounted Huge Pages File System.
[[0;32m  OK  [0m] Mounted Huge Pages File System.
[   14.030308] systemd[1]: Started Remount Root and Kernel File Systems.
[[0;32m  OK  [0m] Started Remount Root and Kernel File Systems.
[   14.070787] iscsi: registered transport (iser)
[   14.088247] systemd[1]: Started Load Kernel Modules.
[[0;32m  OK  [0m] Started Load Kernel Modules.
[   14.131973] systemd[1]: Started Create list of required static device nodes for the current kernel.
[[0;32m  OK  [0m] Started Create list of required sta...ce nodes for the current kernel.
[   14.180314] systemd[1]: Started Set console keymap.
[[0;32m  OK  [0m] Started Set console keymap.
[   14.200431] systemd[1]: Started Uncomplicated firewall.
[[0;32m  OK  [0m] Started Uncomplicated firewall.
[   14.211931] systemd[1]: Started Nameserver information manager.
[[0;32m  OK  [0m] Started Nameserver information manager.
[   14.315382] systemd[1]: Started Journal Service.
[[0;32m  OK  [0m] Started Journal Service.
[[0;32m  OK  [0m] Started LVM2 metadata daemon.
         Starting Create Static Device Nodes in /dev...
         Starting Apply Kernel Variables...
         Mounting FUSE Control File System...
         Starting Flush Journal to Persistent Storage...
         Starting Load/Save Random Seed...
         Starting udev Coldplug all Devices...
         Starting Initial cloud-init job (pre-networking)...
[[0;32m  OK  [0m] Mounted FUSE Control File System.
[[0;32m  OK  [0m] Started Load/Save Random Seed.
[   14.585583] systemd-journald[395]: Received request to flush runtime journal from PID 1
[[0;32m  OK  [0m] Started udev Coldplug all Devices.
[[0;32m  OK  [0m] Started Apply Kernel Variables.
[[0;32m  OK  [0m] Started Flush Journal to Persistent Storage.
[[0;32m  OK  [0m] Started Monitoring of LVM2 mirrors,...ng dmeventd or progress polling.
[[0;32m  OK  [0m] Started Create Static Device Nodes in /dev.
         Starting udev Kernel Device Manager...
[[0;32m  OK  [0m] Started udev Kernel Device Manager.
[[0;32m  OK  [0m] Reached target Local File Systems (Pre).
[[0;32m  OK  [0m] Reached target Local File Systems.
         Starting LSB: AppArmor initialization...
         Starting Tell Plymouth To Write Out Runtime Data...
         Starting Set console font and keymap...
         Starting Commit a transient machine-id on disk...
         Starting Create Volatile Files and Directories...
[[0;32m  OK  [0m] Started Dispatch Password Requests to Console Directory Watch.
[[0;32m  OK  [0m] Started Commit a transient machine-id on disk.
[[0;32m  OK  [0m] Found device /dev/ttyS0.
[[0;32m  OK  [0m] Started Create Volatile Files and Directories.
         Starting Update UTMP about System Boot/Shutdown...
[[0;32m  OK  [0m] Reached target System Time Synchronized.
[[0;32m  OK  [0m] Started Tell Plymouth To Write Out Runtime Data.
[[0;32m  OK  [0m] Started Update UTMP about System Boot/Shutdown.
[[0;32m  OK  [0m] Started Set console font and keymap.
[[0;32m  OK  [0m] Created slice system-getty.slice.
[[0;32m  OK  [0m] Listening on Load/Save RF Kill Switch Status /dev/rfkill Watch.
[[0;32m  OK  [0m] Started LSB: AppArmor initialization.
[   20.543042] cloud-init[443]: Cloud-init v. 0.7.9 running 'init-local' at Sun, 11 Jun 2017 17:20:35 +0000. Up 19.98 seconds.
[[0;32m  OK  [0m] Started Initial cloud-init job (pre-networking).
[[0;32m  OK  [0m] Reached target Network (Pre).
         Starting Raise network interfaces...
[[0;32m  OK  [0m] Started Raise network interfaces.
[[0;32m  OK  [0m] Reached target Network.
         Starting Initial cloud-init job (metadata service crawler)...
[   22.862941] cloud-init[938]: Cloud-init v. 0.7.9 running 'init' at Sun, 11 Jun 2017 17:20:36 +0000. Up 21.30 seconds.
[[0;32m  OK  [0m] Started Initial cloud-init job (metadata service crawler).
[   22.950778] cloud-init[938]: ci-info: +++++++++++++++++++++++++++++++++++++Net device info++++++++++++++++++++++++++++++++++++++
[   22.985540] cloud-init[938]: ci-info: +--------+-------+---------------------------+---------------+-------+-------------------+
[   22.985948] cloud-init[938]: ci-info: | Device |   Up  |          Address          |      Mask     | Scope |     Hw-Address    |
[[0;32m  OK  [0m] Reached target Cloud-config availability.
[[   22.986140] cloud-init[938]: ci-info: +--------+-------+---------------------------+---------------+-------+-------------------+
[   22.991994] cloud-init[938]: ci-info: | enp0s8 | False |             .             |       .       |   .   | 08:00:27:7e:c1:cd |
[   22.992398] cloud-init[938]: ci-info: | enp0s3 |  True |         10.0.2.15         | 255.255.255.0 |   .   | 02:07:98:91:28:34 |
[   22.992571] cloud-init[938]: ci-info: | enp0s3 |  True | fe80::7:98ff:fe91:2834/64 |       .       |  link | 02:07:98:91:28:34 |
[   22.992767] cloud-init[938]: ci-info: |   lo   |  True |         127.0.0.1         |   255.0.0.0   |   .   |         .         |
[   22.992981] cloud-init[938]: ci-info: |   lo   |  True |          ::1/128          |       .       |  host |         .         |
[   22.993171] cloud-init[938]: ci-info: +--------+-------+---------------------------+---------------+-------+-------------------+
[0;32m  OK  [0m] Reached target Network is Online.
[   22.993396] cloud-init[938]: ci-info: +++++++++++++++++++++++++++Route IPv4 info++++++++++++++++++++++++++++
[   23.011005] cloud-init[938]: ci-info: +-------+-------------+----------+---------------+-----------+-------+
[   23.012848] cloud-init[938]: ci-info: | Route | Destination | Gateway  |    Genmask    | Interface | Flags |
[   23.014604] cloud-init[938]: ci-info: +-------+-------------+----------+---------------+-----------+-------+
[   23.021120] cloud-init[938]: ci-info: |   0   |   0.0.0.0   | 10.0.2.2 |    0.0.0.0    |   enp0s3  |   UG  |
         Starting iSCSI initiator daemon (iscsid)...
[[0;32m  OK  [0m] Reached target System Initialization.
[[0;32m  OK  [0m] Listening on ACPID Listen Socket.
[   23.021756] cloud-init[938]: ci-info: |   1   |   10.0.2.0  | 0.0.0.0  | 255.255.255.0 |   enp0s3  |   U   |
[   23.067304] [[0;32m  OK  [0m] Started Daily apt activities.
[[0;32m  OK  [0m] Started Daily Cleanup of Temporary Directories.
[[0;32m  OK  [0m] Listening on D-Bus System Message Bus Socket.
[[0;32m  OK  [0m] Listening on UUID daemon activation socket.
cloud-init[938]: ci-info: +-------+-------------+----------+---------------+-----------+-------+
[   23.117203]          cloud-initStarting LXD - unix socket.[938]: 
Generating public/private rsa key pair.
[   23.153166]          cloud-initStarting Socket activation for snappy daemon.[938]: 
Your identification has been saved in /etc/ssh/ssh_host_rsa_key.
[   23.249556] [cloud-init[0;32m  OK  [0m[938]: ] Your public key has been saved in /etc/ssh/ssh_host_rsa_key.pub.Started Timer to automatically refresh installed snaps.

[[0;32m  OK  [0m] Reached target Timers.
[   23.250320] cloud-init[938]: The key fingerprint is:
[   23.308289] [cloud-init[0;32m  OK  [0m[938]: ] SHA256:VvmmBziNEPV0FVAB8jb0DPatqHS71HJUw7ylrMRLEEY root@ubuntu-xenialStarted ACPI Events Check.

[   23.308643] [cloud-init[0;32m  OK  [0m[938]: ] The key's randomart image is:Reached target Paths.

[   23.313423] cloud-init[938]: +---[RSA 2048]----+
[   23.320426] cloud-init[938]: |      ....E B==o |
[   23.323719] cloud-init[938]: |       . + O =o. |
[   23.325590] cloud-init[938]: |      .   = + +++|
[   23.326561] cloud-init[938]: |       . = = + ++|
[[0;32m  OK  [0m] Listening on LXD - unix socket.
[   23.348852] [cloud-init[0;32m  OK  [0m[938]: ] |        S + O =. |Listening on Socket activation for snappy daemon.

[   23.364580] cloud-init[938]: |       . o O *   |
[   23.380344] [cloud-init[0;32m  OK  [0m[938]: ] |          o B o  |Started iSCSI initiator daemon (iscsid).

[   23.380926] cloud-init[938]: |           o +   |
[   23.453171] cloud-init[938]: |            .    |
[   23.476662]          cloud-initStarting Login to default iSCSI targets...[938]: 
+----[SHA256]-----+
[   23.495729] [cloud-init[0;32m  OK  [0m[938]: ] Generating public/private dsa key pair.Reached target Sockets.

[   23.496895] [cloud-init[0;32m  OK  [0m[938]: ] Your identification has been saved in /etc/ssh/ssh_host_dsa_key.Reached target Basic System.

[   23.537452] cloud-init[938]: Your public key has been saved in /etc/ssh/ssh_host_dsa_key.pub.
[   23.561486] cloud-init[938]: The key fingerprint is:
[   23.565227] cloud-init[938]: SHA256:Mdak2YsBiP5ymI6Qz4eFnfNNXVgvDmKyj0CDTX0xLZk root@ubuntu-xenial
[   23.568584] cloud-init[938]: The key's randomart image is:
[   23.570452] cloud-init[938]: +---[DSA 1024]----+
[   23.572997]          cloud-initStarting LXD - container startup/shutdown...[938]: 
|   . o. o=.      |
[   23.576273] cloud-init[938]: |  . o ..EB. .    |
[   23.577537] cloud-init[938]: | . +   .B.oo .   |
[   23.578738] cloud-init[938]: |  o + ..o=o.o .  |
[   23.586213] cloud-init[938]: | . B o +So.+ .   |
[   23.587241] cloud-init[938]: |o = O . . . .    |
[   23.588273] cloud-init[938]: |.= = + =         |
[   23.604513] cloud-init[938]: |. = . o o        |
[   23.612891] cloud-init[938]: |   .             |
[   23.637030] cloud-init[938]: +----[SHA256]-----+
[[0;32m  OK  [0m] Started Snappy daemon.
[   23.693067] cloud-init[938]: Generating public/private ecdsa key pair.
[   23.750540]          cloud-initStarting Auto import assertions from block devices...[938]: 
Your identification has been saved in /etc/ssh/ssh_host_ecdsa_key.
[   23.765882] [cloud-init[0;32m  OK  [0m[938]: ] Your public key has been saved in /etc/ssh/ssh_host_ecdsa_key.pub.Started D-Bus System Message Bus.

[   23.766296] cloud-init[938]: The key fingerprint is:
[   23.809957] cloud-init[938]: SHA256:ORzzbAkPJrmYJbsRQwEIvavRUljTgEEDeFFe0xvsKBw root@ubuntu-xenial
[   23.812641] cloud-init[938]: The key's randomart image is:
[   23.820654] cloud-init[938]: +---[ECDSA 256]---+
[   23.836287] cloud-init[938]: |OB+*+.oo         |
[   23.847727] cloud-init[938]: |+ *oE. o+        |
[   23.856751] cloud-init[938]: | + +=.+o*o       |
[   23.881597] cloud-init[938]: |. o oO.=oX .     |
[   23.895465] cloud-init[938]: | o .=.. S *      |
[   23.906766] cloud-init[938]: |o o  o   o       |
[   23.912571] cloud-init[938]: | +  .            |
[   23.918756] cloud-init[938]: |.                |
[   23.921254] cloud-init[938]: |                 |
[   23.936382] cloud-init[938]: +----[SHA256]-----+
[   23.952439] cloud-init[938]: Generating public/private ed25519 key pair.
[   23.967421] cloud-init[938]: Your identification has been saved in /etc/ssh/ssh_host_ed25519_key.
[   23.970515] cloud-init[938]: Your public key has been saved in /etc/ssh/ssh_host_ed25519_key.pub.
[   23.979642] cloud-init[938]: The key fingerprint is:
[   23.992813] cloud-init[938]: SHA256:uUQaJxLkcH9odEcGsehNiYMVP/2SnZlk3Zt2G60xQUY root@ubuntu-xenial
[   24.028894] cloud-init[938]: The key's randomart image is:
[   24.039555] cloud-init[938]: +--[ED25519 256]--+
[   24.073717] cloud-init[938]: |  ..+ +.+++  .E  |
[   24.081092] cloud-init[938]: |   + * * *   + . |
[   24.088422] cloud-init[938]: |    + X X . o o .|
[   24.101403] cloud-init[938]: |     + @ o * + .+|
[   24.118954] cloud-init[938]: |      o S o * o=o|
[   24.137141] cloud-init[938]: |       . . .  .++|
[   24.169433] cloud-init[938]: |        .     .. |
[   24.185564] cloud-init[938]: |                 |
[   24.191240] cloud-init[938]: |                 |
[   24.225590] cloud-init[938]: +----[SHA256]-----+
         Starting Pollinate to seed the pseudo random number generator...
[[0;32m  OK  [0m] Started Deferred execution scheduler.
         Starting /etc/rc.local Compatibility...
[[0;32m  OK  [0m] Started ACPI event daemon.
         Starting LSB: MD monitoring daemon...
         Starting Accounts Service...
         Starting Login Service...
[[0;32m  OK  [0m] Started FUSE filesystem for LXC.
[[0;32m  OK  [0m] Started Unattended Upgrades Shutdown.
         Starting System Logging Service...
[[0;32m  OK  [0m] Started Regular background program processing daemon.
         Starting Apply the settings specified in cloud-config...
         Starting LSB: Record successful boot for GRUB...
[[0;32m  OK  [0m] Started Auto import assertions from block devices.
[[0;32m  OK  [0m] Started /etc/rc.local Compatibility.
[[0;32m  OK  [0m] Started Login Service.
[[0;32m  OK  [0m] Started Login to default iSCSI targets.
[[0;32m  OK  [0m] Reached target Remote File Systems (Pre).
[[0;32m  OK  [0m] Reached target Remote File Systems.
         Starting LSB: Set the CPU Frequency Scaling governor to "ondemand"...
         Starting LSB: VirtualBox Linux Additions...
         Starting LSB: daemon to balance interrupts for SMP systems...
         Starting LSB: automatic crash report generation...
         Starting Permit User Sessions...
[[0;32m  OK  [0m] Started LSB: Record successful boot for GRUB.
[[0;32m  OK  [0m] Started LSB: Set the CPU Frequency Scaling governor to "ondemand".
[[0;32m  OK  [0m] Started LSB: MD monitoring daemon.
[[0;32m  OK  [0m] Started Permit User Sessions.
         Starting Hold until boot process finishes up...
         Starting Terminate Plymouth Boot Screen...
[[0;32m  OK  [0m] Started Hold until boot process finishes up.
[[0;32m  OK  [0m] Started Terminate Plymouth Boot Screen.
[[0;32m  OK  [0m] Started Getty on tty1.
[[0;32m  OK  [0m] Started Serial Getty on ttyS0.
[[0;32m  OK  [0m] Reached target Login Prompts.
         Starting Set console scheme...
[[0;32m  OK  [0m] Started System Logging Service.
[[0;32m  OK  [0m] Started LSB: automatic crash report generation.
[[0;32m  OK  [0m] Started Set console scheme.
[[0;32m  OK  [0m] Started LSB: daemon to balance interrupts for SMP systems.
[   26.952826] cloud-init[1089]: Generating locales (this might take a while)...
[[0;32m  OK  [0m] Started LSB: VirtualBox Linux Additions.
         Starting Authenticate and Authorize Users to Run Privileged Tasks...
[[0;32m  OK  [0m] Started Authenticate and Authorize Users to Run Privileged Tasks.
[[0;32m  OK  [0m] Started Accounts Service.
[[0;32m  OK  [0m] Started LXD - container startup/shutdown.
[   29.063116] cloud-init[1089]:   en_US.UTF-8... done
[   29.092514] cloud-init[1089]: Generation complete.
[[0;32m  OK  [0m] Started Pollinate to seed the pseudo random number generator.
         Starting OpenBSD Secure Shell server...
[[0;32m  OK  [0m] Stopped OpenBSD Secure Shell server.
         Starting OpenBSD Secure Shell server...
[[0;32m  OK  [0m] Started OpenBSD Secure Shell server.
[[0;32m  OK  [0m] Reached target Multi-User System.
[[0;32m  OK  [0m] Reached target Graphical Interface.
         Starting Update UTMP about System Runlevel Changes...
[[0;32m  OK  [0m] Started Update UTMP about System Runlevel Changes.
[[0;32m  OK  [0m] Created slice User Slice of ubuntu.
         Starting User Manager for UID 1000...
[[0;32m  OK  [0m] Started Session 1 of user ubuntu.
[[0;32m  OK  [0m] Started User Manager for UID 1000.
[   31.488688] cloud-init[1089]: Cloud-init v. 0.7.9 running 'modules:config' at Sun, 11 Jun 2017 17:20:41 +0000. Up 25.89 seconds.
ci-info: no authorized ssh keys fingerprints found for user ubuntu.
<14>Jun 11 17:20:47 ec2: 
<14>Jun 11 17:20:47 ec2: #############################################################
<14>Jun 11 17:20:47 ec2: -----BEGIN SSH HOST KEY FINGERPRINTS-----
<14>Jun 11 17:20:47 ec2: 1024 SHA256:Mdak2YsBiP5ymI6Qz4eFnfNNXVgvDmKyj0CDTX0xLZk root@ubuntu-xenial (DSA)
<14>Jun 11 17:20:47 ec2: 256 SHA256:ORzzbAkPJrmYJbsRQwEIvavRUljTgEEDeFFe0xvsKBw root@ubuntu-xenial (ECDSA)
<14>Jun 11 17:20:47 ec2: 256 SHA256:uUQaJxLkcH9odEcGsehNiYMVP/2SnZlk3Zt2G60xQUY root@ubuntu-xenial (ED25519)
<14>Jun 11 17:20:47 ec2: 2048 SHA256:VvmmBziNEPV0FVAB8jb0DPatqHS71HJUw7ylrMRLEEY root@ubuntu-xenial (RSA)
<14>Jun 11 17:20:47 ec2: -----END SSH HOST KEY FINGERPRINTS-----
<14>Jun 11 17:20:47 ec2: #############################################################
-----BEGIN SSH HOST KEY KEYS-----
ecdsa-sha2-nistp256 AAAAE2VjZHNhLXNoYTItbmlzdHAyNTYAAAAIbmlzdHAyNTYAAABBBOPru2MZVxWfkr3yLs0ioMfEpoQb5FCYelQ/0USfyRwyASkK8uOfdac9GHNd0oEsarGg+xDbJcT/STNoWoXz7Rs= root@ubuntu-xenial
ssh-ed25519 AAAAC3NzaC1lZDI1NTE5AAAAII9baw5wUU08pixBkK57xlcwSFxY9MuHHoMoVOnQZvYp root@ubuntu-xenial
ssh-rsa AAAAB3NzaC1yc2EAAAADAQABAAABAQDOxUKNfpUByrVLmQ+fZNnJR2WChw+PPJEJ7m1jFXQcYea94Qr0oQOb94XIPNFRwbdRCwkDpsY+oANMRapY/IlelI6aIv1V3N3AjU65xC4IfGRrsfJLXe8f9taVJoKVyCn+TXnhC9FfHZtt3U/RguMyoUPrrtxAm7eYEblF8I0tcLzS2A2qIkVh/ogyHDkFXUCmbvM5Hq76opfWh9xpafQuW1cK47y4IpTZcjsN1YFYQtAercdSqvGvoiVdu+gL2NedZ35JKFyW9LUlYUrg610YVyP3mw9/psKjDDo8TwuNO9SOGhJo5RmElWtc+PotYSM4gBYSdolZ2rDG9z8FfzNb root@ubuntu-xenial
-----END SSH HOST KEY KEYS-----
[   32.128604] cloud-init[1380]: Cloud-init v. 0.7.9 running 'modules:final' at Sun, 11 Jun 2017 17:20:47 +0000. Up 31.88 seconds.
[   32.128877] cloud-init[1380]: ci-info: no authorized ssh keys fingerprints found for user ubuntu.
[   32.129032] cloud-init[1380]: Cloud-init v. 0.7.9 finished at Sun, 11 Jun 2017 17:20:47 +0000. Datasource DataSourceNoCloud [seed=/dev/sdb][dsmode=net].  Up 32.11 seconds

Ubuntu 16.04.2 LTS ubuntu-xenial ttyS0

ubuntu-xenial login: 